Archive member included to satisfy reference by file (symbol)

c:/st/stm32cubeide_1.1.0/stm32cubeide/plugins/com.st.stm32cube.ide.mcu.externaltools.gnu-tools-for-stm32.7-2018-q2-update.win32_1.0.0.201904181610/tools/bin/../lib/gcc/arm-none-eabi/7.3.1/../../../../arm-none-eabi/lib/thumb/v7e-m/fpv5/hard\libc_nano.a(lib_a-errno.o)
                              Core/Src/syscalls.o (__errno)
c:/st/stm32cubeide_1.1.0/stm32cubeide/plugins/com.st.stm32cube.ide.mcu.externaltools.gnu-tools-for-stm32.7-2018-q2-update.win32_1.0.0.201904181610/tools/bin/../lib/gcc/arm-none-eabi/7.3.1/../../../../arm-none-eabi/lib/thumb/v7e-m/fpv5/hard\libc_nano.a(lib_a-exit.o)
                              c:/st/stm32cubeide_1.1.0/stm32cubeide/plugins/com.st.stm32cube.ide.mcu.externaltools.gnu-tools-for-stm32.7-2018-q2-update.win32_1.0.0.201904181610/tools/bin/../lib/gcc/arm-none-eabi/7.3.1/../../../../arm-none-eabi/lib/thumb/v7e-m/fpv5/hard/crt0.o (exit)
c:/st/stm32cubeide_1.1.0/stm32cubeide/plugins/com.st.stm32cube.ide.mcu.externaltools.gnu-tools-for-stm32.7-2018-q2-update.win32_1.0.0.201904181610/tools/bin/../lib/gcc/arm-none-eabi/7.3.1/../../../../arm-none-eabi/lib/thumb/v7e-m/fpv5/hard\libc_nano.a(lib_a-impure.o)
                              c:/st/stm32cubeide_1.1.0/stm32cubeide/plugins/com.st.stm32cube.ide.mcu.externaltools.gnu-tools-for-stm32.7-2018-q2-update.win32_1.0.0.201904181610/tools/bin/../lib/gcc/arm-none-eabi/7.3.1/../../../../arm-none-eabi/lib/thumb/v7e-m/fpv5/hard\libc_nano.a(lib_a-exit.o) (_global_impure_ptr)
c:/st/stm32cubeide_1.1.0/stm32cubeide/plugins/com.st.stm32cube.ide.mcu.externaltools.gnu-tools-for-stm32.7-2018-q2-update.win32_1.0.0.201904181610/tools/bin/../lib/gcc/arm-none-eabi/7.3.1/../../../../arm-none-eabi/lib/thumb/v7e-m/fpv5/hard\libc_nano.a(lib_a-init.o)
                              c:/st/stm32cubeide_1.1.0/stm32cubeide/plugins/com.st.stm32cube.ide.mcu.externaltools.gnu-tools-for-stm32.7-2018-q2-update.win32_1.0.0.201904181610/tools/bin/../lib/gcc/arm-none-eabi/7.3.1/../../../../arm-none-eabi/lib/thumb/v7e-m/fpv5/hard/crt0.o (__libc_init_array)
c:/st/stm32cubeide_1.1.0/stm32cubeide/plugins/com.st.stm32cube.ide.mcu.externaltools.gnu-tools-for-stm32.7-2018-q2-update.win32_1.0.0.201904181610/tools/bin/../lib/gcc/arm-none-eabi/7.3.1/../../../../arm-none-eabi/lib/thumb/v7e-m/fpv5/hard\libc_nano.a(lib_a-memset.o)
                              c:/st/stm32cubeide_1.1.0/stm32cubeide/plugins/com.st.stm32cube.ide.mcu.externaltools.gnu-tools-for-stm32.7-2018-q2-update.win32_1.0.0.201904181610/tools/bin/../lib/gcc/arm-none-eabi/7.3.1/../../../../arm-none-eabi/lib/thumb/v7e-m/fpv5/hard/crt0.o (memset)

Allocating common symbols
Common symbol       size              file

uwTick              0x4               Drivers/STM32H7xx_HAL_Driver/Src/stm32h7xx_hal.o
pFlash              0x1c              Drivers/STM32H7xx_HAL_Driver/Src/stm32h7xx_hal_flash.o
htim3               0x40              Core/Src/tim.o
hadc1               0x64              Core/Src/adc.o
hdma_adc1           0x78              Core/Src/adc.o

Discarded input sections

 .text          0x0000000000000000        0x0 c:/st/stm32cubeide_1.1.0/stm32cubeide/plugins/com.st.stm32cube.ide.mcu.externaltools.gnu-tools-for-stm32.7-2018-q2-update.win32_1.0.0.201904181610/tools/bin/../lib/gcc/arm-none-eabi/7.3.1/thumb/v7e-m/fpv5/hard/crti.o
 .data          0x0000000000000000        0x0 c:/st/stm32cubeide_1.1.0/stm32cubeide/plugins/com.st.stm32cube.ide.mcu.externaltools.gnu-tools-for-stm32.7-2018-q2-update.win32_1.0.0.201904181610/tools/bin/../lib/gcc/arm-none-eabi/7.3.1/thumb/v7e-m/fpv5/hard/crti.o
 .bss           0x0000000000000000        0x0 c:/st/stm32cubeide_1.1.0/stm32cubeide/plugins/com.st.stm32cube.ide.mcu.externaltools.gnu-tools-for-stm32.7-2018-q2-update.win32_1.0.0.201904181610/tools/bin/../lib/gcc/arm-none-eabi/7.3.1/thumb/v7e-m/fpv5/hard/crti.o
 .data          0x0000000000000000        0x4 c:/st/stm32cubeide_1.1.0/stm32cubeide/plugins/com.st.stm32cube.ide.mcu.externaltools.gnu-tools-for-stm32.7-2018-q2-update.win32_1.0.0.201904181610/tools/bin/../lib/gcc/arm-none-eabi/7.3.1/thumb/v7e-m/fpv5/hard/crtbegin.o
 .text          0x0000000000000000       0x74 c:/st/stm32cubeide_1.1.0/stm32cubeide/plugins/com.st.stm32cube.ide.mcu.externaltools.gnu-tools-for-stm32.7-2018-q2-update.win32_1.0.0.201904181610/tools/bin/../lib/gcc/arm-none-eabi/7.3.1/../../../../arm-none-eabi/lib/thumb/v7e-m/fpv5/hard/crt0.o
 .data          0x0000000000000000        0x0 c:/st/stm32cubeide_1.1.0/stm32cubeide/plugins/com.st.stm32cube.ide.mcu.externaltools.gnu-tools-for-stm32.7-2018-q2-update.win32_1.0.0.201904181610/tools/bin/../lib/gcc/arm-none-eabi/7.3.1/../../../../arm-none-eabi/lib/thumb/v7e-m/fpv5/hard/crt0.o
[...]
Memory Configuration

Name             Origin             Length             Attributes
FLASH            0x0000000008000000 0x0000000000100000 xr
RAM              0x0000000024040000 0x0000000000040000 xrw
ITCMRAM          0x0000000000000000 0x0000000000010000 xrw
*default*        0x0000000000000000 0xffffffffffffffff

Linker script and memory map

LOAD c:/st/stm32cubeide_1.1.0/stm32cubeide/plugins/com.st.stm32cube.ide.mcu.externaltools.gnu-tools-for-stm32.7-2018-q2-update.win32_1.0.0.201904181610/tools/bin/../lib/gcc/arm-none-eabi/7.3.1/thumb/v7e-m/fpv5/hard/crti.o
LOAD c:/st/stm32cubeide_1.1.0/stm32cubeide/plugins/com.st.stm32cube.ide.mcu.externaltools.gnu-tools-for-stm32.7-2018-q2-update.win32_1.0.0.201904181610/tools/bin/../lib/gcc/arm-none-eabi/7.3.1/thumb/v7e-m/fpv5/hard/crtbegin.o
LOAD c:/st/stm32cubeide_1.1.0/stm32cubeide/plugins/com.st.stm32cube.ide.mcu.externaltools.gnu-tools-for-stm32.7-2018-q2-update.win32_1.0.0.201904181610/tools/bin/../lib/gcc/arm-none-eabi/7.3.1/../../../../arm-none-eabi/lib/thumb/v7e-m/fpv5/hard/crt0.o
LOAD Common/Src/system_stm32h7xx_dualcore_boot_cm4_cm7.o
LOAD Core/Src/adc.o
LOAD Core/Src/debug.o
LOAD Core/Src/dma.o
LOAD Core/Src/gpio.o
LOAD Core/Src/main.o
LOAD Core/Src/stm32h7xx_hal_msp.o
LOAD Core/Src/stm32h7xx_it.o
LOAD Core/Src/sys.o
LOAD Core/Src/syscalls.o
LOAD Core/Src/sysmem.o
LOAD Core/Src/tim.o
LOAD Core/Startup/startup_stm32h755zitx.o
LOAD Drivers/STM32H7xx_HAL_Driver/Src/stm32h7xx_hal.o
LOAD Drivers/STM32H7xx_HAL_Driver/Src/stm32h7xx_hal_adc.o
LOAD Drivers/STM32H7xx_HAL_Driver/Src/stm32h7xx_hal_adc_ex.o
LOAD Drivers/STM32H7xx_HAL_Driver/Src/stm32h7xx_hal_cortex.o
LOAD Drivers/STM32H7xx_HAL_Driver/Src/stm32h7xx_hal_dma.o
LOAD Drivers/STM32H7xx_HAL_Driver/Src/stm32h7xx_hal_dma_ex.o
LOAD Drivers/STM32H7xx_HAL_Driver/Src/stm32h7xx_hal_exti.o
LOAD Drivers/STM32H7xx_HAL_Driver/Src/stm32h7xx_hal_flash.o
LOAD Drivers/STM32H7xx_HAL_Driver/Src/stm32h7xx_hal_flash_ex.o
LOAD Drivers/STM32H7xx_HAL_Driver/Src/stm32h7xx_hal_gpio.o
LOAD Drivers/STM32H7xx_HAL_Driver/Src/stm32h7xx_hal_hsem.o
LOAD Drivers/STM32H7xx_HAL_Driver/Src/stm32h7xx_hal_i2c.o
LOAD Drivers/STM32H7xx_HAL_Driver/Src/stm32h7xx_hal_i2c_ex.o
LOAD Drivers/STM32H7xx_HAL_Driver/Src/stm32h7xx_hal_mdma.o
LOAD Drivers/STM32H7xx_HAL_Driver/Src/stm32h7xx_hal_pwr.o
LOAD Drivers/STM32H7xx_HAL_Driver/Src/stm32h7xx_hal_pwr_ex.o
LOAD Drivers/STM32H7xx_HAL_Driver/Src/stm32h7xx_hal_rcc.o
LOAD Drivers/STM32H7xx_HAL_Driver/Src/stm32h7xx_hal_rcc_ex.o
LOAD Drivers/STM32H7xx_HAL_Driver/Src/stm32h7xx_hal_tim.o
LOAD Drivers/STM32H7xx_HAL_Driver/Src/stm32h7xx_hal_tim_ex.o
START GROUP
LOAD c:/st/stm32cubeide_1.1.0/stm32cubeide/plugins/com.st.stm32cube.ide.mcu.externaltools.gnu-tools-for-stm32.7-2018-q2-update.win32_1.0.0.201904181610/tools/bin/../lib/gcc/arm-none-eabi/7.3.1/../../../../arm-none-eabi/lib/thumb/v7e-m/fpv5/hard\libc_nano.a
LOAD c:/st/stm32cubeide_1.1.0/stm32cubeide/plugins/com.st.stm32cube.ide.mcu.externaltools.gnu-tools-for-stm32.7-2018-q2-update.win32_1.0.0.201904181610/tools/bin/../lib/gcc/arm-none-eabi/7.3.1/../../../../arm-none-eabi/lib/thumb/v7e-m/fpv5/hard\libm.a
END GROUP
START GROUP
LOAD c:/st/stm32cubeide_1.1.0/stm32cubeide/plugins/com.st.stm32cube.ide.mcu.externaltools.gnu-tools-for-stm32.7-2018-q2-update.win32_1.0.0.201904181610/tools/bin/../lib/gcc/arm-none-eabi/7.3.1/thumb/v7e-m/fpv5/hard\libgcc.a
LOAD c:/st/stm32cubeide_1.1.0/stm32cubeide/plugins/com.st.stm32cube.ide.mcu.externaltools.gnu-tools-for-stm32.7-2018-q2-update.win32_1.0.0.201904181610/tools/bin/../lib/gcc/arm-none-eabi/7.3.1/../../../../arm-none-eabi/lib/thumb/v7e-m/fpv5/hard\libc_nano.a
END GROUP
START GROUP
LOAD c:/st/stm32cubeide_1.1.0/stm32cubeide/plugins/com.st.stm32cube.ide.mcu.externaltools.gnu-tools-for-stm32.7-2018-q2-update.win32_1.0.0.201904181610/tools/bin/../lib/gcc/arm-none-eabi/7.3.1/thumb/v7e-m/fpv5/hard\libgcc.a
LOAD c:/st/stm32cubeide_1.1.0/stm32cubeide/plugins/com.st.stm32cube.ide.mcu.externaltools.gnu-tools-for-stm32.7-2018-q2-update.win32_1.0.0.201904181610/tools/bin/../lib/gcc/arm-none-eabi/7.3.1/../../../../arm-none-eabi/lib/thumb/v7e-m/fpv5/hard\libc_nano.a
LOAD c:/st/stm32cubeide_1.1.0/stm32cubeide/plugins/com.st.stm32cube.ide.mcu.externaltools.gnu-tools-for-stm32.7-2018-q2-update.win32_1.0.0.201904181610/tools/bin/../lib/gcc/arm-none-eabi/7.3.1/../../../../arm-none-eabi/lib/thumb/v7e-m/fpv5/hard\libnosys.a
END GROUP
START GROUP
LOAD c:/st/stm32cubeide_1.1.0/stm32cubeide/plugins/com.st.stm32cube.ide.mcu.externaltools.gnu-tools-for-stm32.7-2018-q2-update.win32_1.0.0.201904181610/tools/bin/../lib/gcc/arm-none-eabi/7.3.1/thumb/v7e-m/fpv5/hard\libgcc.a
LOAD c:/st/stm32cubeide_1.1.0/stm32cubeide/plugins/com.st.stm32cube.ide.mcu.externaltools.gnu-tools-for-stm32.7-2018-q2-update.win32_1.0.0.201904181610/tools/bin/../lib/gcc/arm-none-eabi/7.3.1/../../../../arm-none-eabi/lib/thumb/v7e-m/fpv5/hard\libc_nano.a
LOAD c:/st/stm32cubeide_1.1.0/stm32cubeide/plugins/com.st.stm32cube.ide.mcu.externaltools.gnu-tools-for-stm32.7-2018-q2-update.win32_1.0.0.201904181610/tools/bin/../lib/gcc/arm-none-eabi/7.3.1/../../../../arm-none-eabi/lib/thumb/v7e-m/fpv5/hard\libnosys.a
END GROUP
LOAD c:/st/stm32cubeide_1.1.0/stm32cubeide/plugins/com.st.stm32cube.ide.mcu.externaltools.gnu-tools-for-stm32.7-2018-q2-update.win32_1.0.0.201904181610/tools/bin/../lib/gcc/arm-none-eabi/7.3.1/thumb/v7e-m/fpv5/hard/crtend.o
LOAD c:/st/stm32cubeide_1.1.0/stm32cubeide/plugins/com.st.stm32cube.ide.mcu.externaltools.gnu-tools-for-stm32.7-2018-q2-update.win32_1.0.0.201904181610/tools/bin/../lib/gcc/arm-none-eabi/7.3.1/thumb/v7e-m/fpv5/hard/crtn.o
                0x0000000024080000                _estack = 0x24080000
                0x0000000000000200                _Min_Heap_Size = 0x200
                0x0000000000000400                _Min_Stack_Size = 0x400

.isr_vector     0x0000000008000000      0x298
                0x0000000008000000                . = ALIGN (0x4)
 *(.isr_vector)
 .isr_vector    0x0000000008000000      0x298 Core/Startup/startup_stm32h755zitx.o
                0x0000000008000000                g_pfnVectors
                0x0000000008000298                . = ALIGN (0x4)

.text           0x0000000008000298     0x80d4
                0x0000000008000298                . = ALIGN (0x4)
 *(.text)
 .text          0x0000000008000298       0x40 c:/st/stm32cubeide_1.1.0/stm32cubeide/plugins/com.st.stm32cube.ide.mcu.externaltools.gnu-tools-for-stm32.7-2018-q2-update.win32_1.0.0.201904181610/tools/bin/../lib/gcc/arm-none-eabi/7.3.1/thumb/v7e-m/fpv5/hard/crtbegin.o
 *(.text*)
 .text.SystemInit
                0x00000000080002d8       0xe0 Common/Src/system_stm32h7xx_dualcore_boot_cm4_cm7.o
                0x00000000080002d8                SystemInit
 .text.MX_ADC1_Init
                0x00000000080003b8      0x170 Core/Src/adc.o
                0x00000000080003b8                MX_ADC1_Init
 .text.HAL_ADC_MspInit
                0x0000000008000528      0x12c Core/Src/adc.o
                0x0000000008000528                HAL_ADC_MspInit
 .text.MX_DMA_Init
                0x0000000008000654       0x40 Core/Src/dma.o
                0x0000000008000654                MX_DMA_Init
 .text.MX_GPIO_Init
                0x0000000008000694       0xa8 Core/Src/gpio.o
                0x0000000008000694                MX_GPIO_Init
 .text.main     0x000000000800073c       0xe4 Core/Src/main.o
                0x000000000800073c                main
 .text.SystemClock_Config
                0x0000000008000820      0x1b8 Core/Src/main.o
                0x0000000008000820                SystemClock_Config
 .text.HAL_ADC_ConvCpltCallback
                0x00000000080009d8       0x1c Core/Src/main.o
                0x00000000080009d8                HAL_ADC_ConvCpltCallback
 .text.Error_Handler
                0x00000000080009f4        0xe Core/Src/main.o
                0x00000000080009f4                Error_Handler
 *fill*         0x0000000008000a02        0x2 
 .text.HAL_MspInit
                0x0000000008000a04       0x34 Core/Src/stm32h7xx_hal_msp.o
                0x0000000008000a04                HAL_MspInit
 .text.NMI_Handler
                0x0000000008000a38        0xe Core/Src/stm32h7xx_it.o
                0x0000000008000a38                NMI_Handler
 .text.HardFault_Handler
                0x0000000008000a46        0x6 Core/Src/stm32h7xx_it.o
                0x0000000008000a46                HardFault_Handler
 .text.MemManage_Handler
                0x0000000008000a4c        0x6 Core/Src/stm32h7xx_it.o
                0x0000000008000a4c                MemManage_Handler
 .text.BusFault_Handler
                0x0000000008000a52        0x6 Core/Src/stm32h7xx_it.o
                0x0000000008000a52                BusFault_Handler
 .text.UsageFault_Handler
                0x0000000008000a58        0x6 Core/Src/stm32h7xx_it.o
                0x0000000008000a58                UsageFault_Handler
 .text.SVC_Handler
                0x0000000008000a5e        0xe Core/Src/stm32h7xx_it.o
                0x0000000008000a5e                SVC_Handler
 .text.DebugMon_Handler
                0x0000000008000a6c        0xe Core/Src/stm32h7xx_it.o
                0x0000000008000a6c                DebugMon_Handler
 .text.PendSV_Handler
                0x0000000008000a7a        0xe Core/Src/stm32h7xx_it.o
                0x0000000008000a7a                PendSV_Handler
 .text.SysTick_Handler
                0x0000000008000a88        0xc Core/Src/stm32h7xx_it.o
                0x0000000008000a88                SysTick_Handler
 .text.DMA1_Stream0_IRQHandler
                0x0000000008000a94       0x14 Core/Src/stm32h7xx_it.o
                0x0000000008000a94                DMA1_Stream0_IRQHandler
 .text.MX_TIM3_Init
                0x0000000008000aa8       0xf0 Core/Src/tim.o
                0x0000000008000aa8                MX_TIM3_Init
 .text.HAL_TIM_Base_MspInit
                0x0000000008000b98       0x44 Core/Src/tim.o
                0x0000000008000b98                HAL_TIM_Base_MspInit
 .text.HAL_TIM_MspPostInit
                0x0000000008000bdc       0x74 Core/Src/tim.o
                0x0000000008000bdc                HAL_TIM_MspPostInit
 .text.Reset_Handler
                0x0000000008000c50       0x50 Core/Startup/startup_stm32h755zitx.o
                0x0000000008000c50                Reset_Handler
 .text.Default_Handler
                0x0000000008000ca0        0x2 Core/Startup/startup_stm32h755zitx.o
                0x0000000008000ca0                RTC_Alarm_IRQHandler
                0x0000000008000ca0                HASH_RNG_IRQHandler
                0x0000000008000ca0                EXTI2_IRQHandler
                0x0000000008000ca0                TIM8_CC_IRQHandler
                0x0000000008000ca0                HRTIM1_Master_IRQHandler
                0x0000000008000ca0                UART8_IRQHandler
                0x0000000008000ca0                SPI4_IRQHandler
                0x0000000008000ca0                TIM1_CC_IRQHandler
                0x0000000008000ca0                BDMA_Channel6_IRQHandler
                0x0000000008000ca0                DMA2_Stream5_IRQHandler
                0x0000000008000ca0                HRTIM1_FLT_IRQHandler
                0x0000000008000ca0                JPEG_IRQHandler
                0x0000000008000ca0                DMA1_Stream5_IRQHandler
                0x0000000008000ca0                BDMA_Channel1_IRQHandler
                0x0000000008000ca0                HRTIM1_TIMD_IRQHandler
                0x0000000008000ca0                TAMP_STAMP_IRQHandler
                0x0000000008000ca0                EXTI3_IRQHandler
                0x0000000008000ca0                LPTIM4_IRQHandler
                0x0000000008000ca0                TIM8_TRG_COM_TIM14_IRQHandler
                0x0000000008000ca0                LPTIM2_IRQHandler
                0x0000000008000ca0                DFSDM1_FLT1_IRQHandler
                0x0000000008000ca0                DMAMUX2_OVR_IRQHandler
                0x0000000008000ca0                TIM8_UP_TIM13_IRQHandler
                0x0000000008000ca0                I2C3_ER_IRQHandler
                0x0000000008000ca0                DFSDM1_FLT2_IRQHandler
                0x0000000008000ca0                MDMA_IRQHandler
                0x0000000008000ca0                LPTIM3_IRQHandler
                0x0000000008000ca0                HSEM1_IRQHandler
                0x0000000008000ca0                EXTI0_IRQHandler
                0x0000000008000ca0                I2C2_EV_IRQHandler
                0x0000000008000ca0                DMA1_Stream2_IRQHandler
                0x0000000008000ca0                FPU_IRQHandler
                0x0000000008000ca0                OTG_HS_WKUP_IRQHandler
                0x0000000008000ca0                FDCAN1_IT1_IRQHandler
                0x0000000008000ca0                LTDC_ER_IRQHandler
                0x0000000008000ca0                DMA2_Stream2_IRQHandler
                0x0000000008000ca0                HRTIM1_TIME_IRQHandler
                0x0000000008000ca0                SPI1_IRQHandler
                0x0000000008000ca0                TIM6_DAC_IRQHandler
                0x0000000008000ca0                DCMI_IRQHandler
                0x0000000008000ca0                HRTIM1_TIMC_IRQHandler
                0x0000000008000ca0                DMA2_Stream3_IRQHandler
                0x0000000008000ca0                SAI2_IRQHandler
                0x0000000008000ca0                DFSDM1_FLT3_IRQHandler
                0x0000000008000ca0                USART6_IRQHandler
                0x0000000008000ca0                TIM17_IRQHandler
                0x0000000008000ca0                USART3_IRQHandler
                0x0000000008000ca0                BDMA_Channel7_IRQHandler
                0x0000000008000ca0                CRYP_IRQHandler
                0x0000000008000ca0                LPTIM5_IRQHandler
                0x0000000008000ca0                UART5_IRQHandler
                0x0000000008000ca0                ADC3_IRQHandler
                0x0000000008000ca0                DMA2_Stream0_IRQHandler
                0x0000000008000ca0                TIM4_IRQHandler
                0x0000000008000ca0                BDMA_Channel2_IRQHandler
                0x0000000008000ca0                QUADSPI_IRQHandler
                0x0000000008000ca0                I2C1_EV_IRQHandler
                0x0000000008000ca0                DMA1_Stream6_IRQHandler
                0x0000000008000ca0                DMAMUX1_OVR_IRQHandler
                0x0000000008000ca0                DMA1_Stream1_IRQHandler
                0x0000000008000ca0                TIM16_IRQHandler
                0x0000000008000ca0                UART4_IRQHandler
                0x0000000008000ca0                BDMA_Channel5_IRQHandler
                0x0000000008000ca0                TIM3_IRQHandler
                0x0000000008000ca0                RCC_IRQHandler
                0x0000000008000ca0                TIM8_BRK_TIM12_IRQHandler
                0x0000000008000ca0                TIM1_TRG_COM_IRQHandler
                0x0000000008000ca0                Default_Handler
                0x0000000008000ca0                ECC_IRQHandler
                0x0000000008000ca0                CEC_IRQHandler
                0x0000000008000ca0                EXTI15_10_IRQHandler
                0x0000000008000ca0                BDMA_Channel0_IRQHandler
                0x0000000008000ca0                ADC_IRQHandler
                0x0000000008000ca0                DMA1_Stream7_IRQHandler
                0x0000000008000ca0                HRTIM1_TIMA_IRQHandler
                0x0000000008000ca0                SPI5_IRQHandler
                0x0000000008000ca0                TIM7_IRQHandler
                0x0000000008000ca0                SDMMC1_IRQHandler
                0x0000000008000ca0                TIM5_IRQHandler
                0x0000000008000ca0                DMA2_Stream7_IRQHandler
                0x0000000008000ca0                TIM15_IRQHandler
                0x0000000008000ca0                PVD_AVD_IRQHandler
                0x0000000008000ca0                I2C3_EV_IRQHandler
                0x0000000008000ca0                EXTI9_5_IRQHandler
                0x0000000008000ca0                RTC_WKUP_IRQHandler
                0x0000000008000ca0                LTDC_IRQHandler
                0x0000000008000ca0                SAI3_IRQHandler
                0x0000000008000ca0                ETH_WKUP_IRQHandler
                0x0000000008000ca0                SPDIF_RX_IRQHandler
                0x0000000008000ca0                SPI2_IRQHandler
                0x0000000008000ca0                OTG_HS_EP1_IN_IRQHandler
                0x0000000008000ca0                CRS_IRQHandler
                0x0000000008000ca0                CM7_SEV_IRQHandler
                0x0000000008000ca0                EXTI4_IRQHandler
                0x0000000008000ca0                CM4_SEV_IRQHandler
                0x0000000008000ca0                HRTIM1_TIMB_IRQHandler
                0x0000000008000ca0                FDCAN2_IT1_IRQHandler
                0x0000000008000ca0                ETH_IRQHandler
                0x0000000008000ca0                TIM1_UP_IRQHandler
                0x0000000008000ca0                WWDG_RST_IRQHandler
                0x0000000008000ca0                BDMA_Channel4_IRQHandler
                0x0000000008000ca0                OTG_HS_EP1_OUT_IRQHandler
                0x0000000008000ca0                WWDG_IRQHandler
                0x0000000008000ca0                SPI6_IRQHandler
                0x0000000008000ca0                MDIOS_IRQHandler
                0x0000000008000ca0                I2C4_EV_IRQHandler
                0x0000000008000ca0                FDCAN2_IT0_IRQHandler
                0x0000000008000ca0                LPUART1_IRQHandler
                0x0000000008000ca0                FDCAN1_IT0_IRQHandler
                0x0000000008000ca0                TIM2_IRQHandler
                0x0000000008000ca0                OTG_FS_WKUP_IRQHandler
                0x0000000008000ca0                OTG_HS_IRQHandler
                0x0000000008000ca0                HSEM2_IRQHandler
                0x0000000008000ca0                DMA2D_IRQHandler
                0x0000000008000ca0                TIM1_BRK_IRQHandler
                0x0000000008000ca0                EXTI1_IRQHandler
                0x0000000008000ca0                SDMMC2_IRQHandler
                0x0000000008000ca0                OTG_FS_EP1_OUT_IRQHandler
                0x0000000008000ca0                BDMA_Channel3_IRQHandler
                0x0000000008000ca0                HOLD_CORE_IRQHandler
                0x0000000008000ca0                UART7_IRQHandler
                0x0000000008000ca0                MDIOS_WKUP_IRQHandler
                0x0000000008000ca0                USART2_IRQHandler
                0x0000000008000ca0                DFSDM1_FLT0_IRQHandler
                0x0000000008000ca0                SAI4_IRQHandler
                0x0000000008000ca0                I2C2_ER_IRQHandler
                0x0000000008000ca0                DMA2_Stream1_IRQHandler
                0x0000000008000ca0                FLASH_IRQHandler
                0x0000000008000ca0                DMA2_Stream4_IRQHandler
                0x0000000008000ca0                USART1_IRQHandler
                0x0000000008000ca0                OTG_FS_IRQHandler
                0x0000000008000ca0                SPI3_IRQHandler
                0x0000000008000ca0                WAKEUP_PIN_IRQHandler
                0x0000000008000ca0                DMA1_Stream4_IRQHandler
                0x0000000008000ca0                OTG_FS_EP1_IN_IRQHandler
                0x0000000008000ca0                I2C1_ER_IRQHandler
                0x0000000008000ca0                FMC_IRQHandler
                0x0000000008000ca0                FDCAN_CAL_IRQHandler
                0x0000000008000ca0                SWPMI1_IRQHandler
                0x0000000008000ca0                COMP1_IRQHandler
                0x0000000008000ca0                LPTIM1_IRQHandler
                0x0000000008000ca0                I2C4_ER_IRQHandler
                0x0000000008000ca0                DMA2_Stream6_IRQHandler
                0x0000000008000ca0                SAI1_IRQHandler
                0x0000000008000ca0                DMA1_Stream3_IRQHandler
 *fill*         0x0000000008000ca2        0x2 
 .text.HAL_Init
                0x0000000008000ca4       0x70 Drivers/STM32H7xx_HAL_Driver/Src/stm32h7xx_hal.o
                0x0000000008000ca4                HAL_Init
 .text.HAL_InitTick
                0x0000000008000d14       0xa0 Drivers/STM32H7xx_HAL_Driver/Src/stm32h7xx_hal.o
                0x0000000008000d14                HAL_InitTick
 .text.HAL_IncTick
                0x0000000008000db4       0x28 Drivers/STM32H7xx_HAL_Driver/Src/stm32h7xx_hal.o
                0x0000000008000db4                HAL_IncTick
 .text.HAL_GetTick
                0x0000000008000ddc       0x18 Drivers/STM32H7xx_HAL_Driver/Src/stm32h7xx_hal.o
                0x0000000008000ddc                HAL_GetTick
 .text.HAL_Delay
                0x0000000008000df4       0x44 Drivers/STM32H7xx_HAL_Driver/Src/stm32h7xx_hal.o
                0x0000000008000df4                HAL_Delay
 .text.HAL_GetREVID
                0x0000000008000e38       0x18 Drivers/STM32H7xx_HAL_Driver/Src/stm32h7xx_hal.o
                0x0000000008000e38                HAL_GetREVID
 .text.LL_ADC_SetCommonClock
                0x0000000008000e50       0x26 Drivers/STM32H7xx_HAL_Driver/Src/stm32h7xx_hal_adc.o
 .text.LL_ADC_SetCommonPathInternalCh
                0x0000000008000e76       0x26 Drivers/STM32H7xx_HAL_Driver/Src/stm32h7xx_hal_adc.o
 .text.LL_ADC_GetCommonPathInternalCh
                0x0000000008000e9c       0x1c Drivers/STM32H7xx_HAL_Driver/Src/stm32h7xx_hal_adc.o
 .text.LL_ADC_SetOffset
                0x0000000008000eb8       0x3a Drivers/STM32H7xx_HAL_Driver/Src/stm32h7xx_hal_adc.o
 .text.LL_ADC_SetDataRightShift
                0x0000000008000ef2       0x32 Drivers/STM32H7xx_HAL_Driver/Src/stm32h7xx_hal_adc.o
 .text.LL_ADC_SetOffsetSignedSaturation
                0x0000000008000f24       0x30 Drivers/STM32H7xx_HAL_Driver/Src/stm32h7xx_hal_adc.o
 .text.LL_ADC_REG_IsTriggerSourceSWStart
                0x0000000008000f54       0x26 Drivers/STM32H7xx_HAL_Driver/Src/stm32h7xx_hal_adc.o
 .text.LL_ADC_REG_SetSequencerRanks
                0x0000000008000f7a       0x52 Drivers/STM32H7xx_HAL_Driver/Src/stm32h7xx_hal_adc.o
 .text.LL_ADC_SetChannelSamplingTime
                0x0000000008000fcc       0x50 Drivers/STM32H7xx_HAL_Driver/Src/stm32h7xx_hal_adc.o
 .text.LL_ADC_SetChannelSingleDiff
                0x000000000800101c       0x48 Drivers/STM32H7xx_HAL_Driver/Src/stm32h7xx_hal_adc.o
 .text.LL_ADC_GetMultimode
                0x0000000008001064       0x1c Drivers/STM32H7xx_HAL_Driver/Src/stm32h7xx_hal_adc.o
 .text.LL_ADC_DisableDeepPowerDown
                0x0000000008001080       0x24 Drivers/STM32H7xx_HAL_Driver/Src/stm32h7xx_hal_adc.o
 .text.LL_ADC_IsDeepPowerDownEnabled
                0x00000000080010a4       0x28 Drivers/STM32H7xx_HAL_Driver/Src/stm32h7xx_hal_adc.o
 .text.LL_ADC_EnableInternalRegulator
                0x00000000080010cc       0x28 Drivers/STM32H7xx_HAL_Driver/Src/stm32h7xx_hal_adc.o
 .text.LL_ADC_IsInternalRegulatorEnabled
                0x00000000080010f4       0x28 Drivers/STM32H7xx_HAL_Driver/Src/stm32h7xx_hal_adc.o
 .text.LL_ADC_Enable
                0x000000000800111c       0x28 Drivers/STM32H7xx_HAL_Driver/Src/stm32h7xx_hal_adc.o
 .text.LL_ADC_Disable
                0x0000000008001144       0x28 Drivers/STM32H7xx_HAL_Driver/Src/stm32h7xx_hal_adc.o
 .text.LL_ADC_IsEnabled
                0x000000000800116c       0x26 Drivers/STM32H7xx_HAL_Driver/Src/stm32h7xx_hal_adc.o
 .text.LL_ADC_IsDisableOngoing
                0x0000000008001192       0x26 Drivers/STM32H7xx_HAL_Driver/Src/stm32h7xx_hal_adc.o
 .text.LL_ADC_REG_StartConversion
                0x00000000080011b8       0x28 Drivers/STM32H7xx_HAL_Driver/Src/stm32h7xx_hal_adc.o
 .text.LL_ADC_REG_IsConversionOngoing
                0x00000000080011e0       0x26 Drivers/STM32H7xx_HAL_Driver/Src/stm32h7xx_hal_adc.o
 .text.LL_ADC_INJ_IsConversionOngoing
                0x0000000008001206       0x26 Drivers/STM32H7xx_HAL_Driver/Src/stm32h7xx_hal_adc.o
 .text.HAL_ADC_Init
                0x000000000800122c      0x340 Drivers/STM32H7xx_HAL_Driver/Src/stm32h7xx_hal_adc.o
                0x000000000800122c                HAL_ADC_Init
 .text.HAL_ADC_Start_DMA
                0x000000000800156c      0x178 Drivers/STM32H7xx_HAL_Driver/Src/stm32h7xx_hal_adc.o
                0x000000000800156c                HAL_ADC_Start_DMA
 .text.HAL_ADC_ConvHalfCpltCallback
                0x00000000080016e4       0x14 Drivers/STM32H7xx_HAL_Driver/Src/stm32h7xx_hal_adc.o
                0x00000000080016e4                HAL_ADC_ConvHalfCpltCallback
 .text.HAL_ADC_ErrorCallback
                0x00000000080016f8       0x14 Drivers/STM32H7xx_HAL_Driver/Src/stm32h7xx_hal_adc.o
                0x00000000080016f8                HAL_ADC_ErrorCallback
 .text.HAL_ADC_ConfigChannel
                0x000000000800170c      0x628 Drivers/STM32H7xx_HAL_Driver/Src/stm32h7xx_hal_adc.o
                0x000000000800170c                HAL_ADC_ConfigChannel
 .text.ADC_Enable
                0x0000000008001d34      0x108 Drivers/STM32H7xx_HAL_Driver/Src/stm32h7xx_hal_adc.o
                0x0000000008001d34                ADC_Enable
 .text.ADC_Disable
                0x0000000008001e3c       0xb0 Drivers/STM32H7xx_HAL_Driver/Src/stm32h7xx_hal_adc.o
                0x0000000008001e3c                ADC_Disable
 .text.ADC_DMAConvCplt
                0x0000000008001eec       0xd8 Drivers/STM32H7xx_HAL_Driver/Src/stm32h7xx_hal_adc.o
                0x0000000008001eec                ADC_DMAConvCplt
 .text.ADC_DMAHalfConvCplt
                0x0000000008001fc4       0x1c Drivers/STM32H7xx_HAL_Driver/Src/stm32h7xx_hal_adc.o
                0x0000000008001fc4                ADC_DMAHalfConvCplt
 .text.ADC_DMAError
                0x0000000008001fe0       0x34 Drivers/STM32H7xx_HAL_Driver/Src/stm32h7xx_hal_adc.o
                0x0000000008001fe0                ADC_DMAError
 .text.ADC_ConfigureBoostMode
                0x0000000008002014      0x200 Drivers/STM32H7xx_HAL_Driver/Src/stm32h7xx_hal_adc.o
                0x0000000008002014                ADC_ConfigureBoostMode
 .text.LL_ADC_IsEnabled
                0x0000000008002214       0x26 Drivers/STM32H7xx_HAL_Driver/Src/stm32h7xx_hal_adc_ex.o
 *fill*         0x000000000800223a        0x2 
 .text.LL_ADC_StartCalibration
                0x000000000800223c       0x3c Drivers/STM32H7xx_HAL_Driver/Src/stm32h7xx_hal_adc_ex.o
 .text.LL_ADC_IsCalibrationOnGoing
                0x0000000008002278       0x28 Drivers/STM32H7xx_HAL_Driver/Src/stm32h7xx_hal_adc_ex.o
 .text.LL_ADC_REG_IsConversionOngoing
                0x00000000080022a0       0x26 Drivers/STM32H7xx_HAL_Driver/Src/stm32h7xx_hal_adc_ex.o
 *fill*         0x00000000080022c6        0x2 
 .text.HAL_ADCEx_Calibration_Start
                0x00000000080022c8       0xc8 Drivers/STM32H7xx_HAL_Driver/Src/stm32h7xx_hal_adc_ex.o
                0x00000000080022c8                HAL_ADCEx_Calibration_Start
 .text.HAL_ADCEx_MultiModeConfigChannel
                0x0000000008002390      0x1b4 Drivers/STM32H7xx_HAL_Driver/Src/stm32h7xx_hal_adc_ex.o
                0x0000000008002390                HAL_ADCEx_MultiModeConfigChannel
 .text.__NVIC_SetPriorityGrouping
                0x0000000008002544       0x48 Drivers/STM32H7xx_HAL_Driver/Src/stm32h7xx_hal_cortex.o
 .text.__NVIC_GetPriorityGrouping
                0x000000000800258c       0x1c Drivers/STM32H7xx_HAL_Driver/Src/stm32h7xx_hal_cortex.o
 .text.__NVIC_EnableIRQ
                0x00000000080025a8       0x3c Drivers/STM32H7xx_HAL_Driver/Src/stm32h7xx_hal_cortex.o
 .text.__NVIC_SetPriority
                0x00000000080025e4       0x54 Drivers/STM32H7xx_HAL_Driver/Src/stm32h7xx_hal_cortex.o
 .text.NVIC_EncodePriority
                0x0000000008002638       0x66 Drivers/STM32H7xx_HAL_Driver/Src/stm32h7xx_hal_cortex.o
 *fill*         0x000000000800269e        0x2 
 .text.SysTick_Config
                0x00000000080026a0       0x44 Drivers/STM32H7xx_HAL_Driver/Src/stm32h7xx_hal_cortex.o
 .text.HAL_NVIC_SetPriorityGrouping
                0x00000000080026e4       0x16 Drivers/STM32H7xx_HAL_Driver/Src/stm32h7xx_hal_cortex.o
                0x00000000080026e4                HAL_NVIC_SetPriorityGrouping
 .text.HAL_NVIC_SetPriority
                0x00000000080026fa       0x34 Drivers/STM32H7xx_HAL_Driver/Src/stm32h7xx_hal_cortex.o
                0x00000000080026fa                HAL_NVIC_SetPriority
 .text.HAL_NVIC_EnableIRQ
                0x000000000800272e       0x1c Drivers/STM32H7xx_HAL_Driver/Src/stm32h7xx_hal_cortex.o
                0x000000000800272e                HAL_NVIC_EnableIRQ
 .text.HAL_SYSTICK_Config
                0x000000000800274a       0x18 Drivers/STM32H7xx_HAL_Driver/Src/stm32h7xx_hal_cortex.o
                0x000000000800274a                HAL_SYSTICK_Config
 *fill*         0x0000000008002762        0x2 
 .text.HAL_GetCurrentCPUID
                0x0000000008002764       0x28 Drivers/STM32H7xx_HAL_Driver/Src/stm32h7xx_hal_cortex.o
                0x0000000008002764                HAL_GetCurrentCPUID
 .text.HAL_DMA_Init
                0x000000000800278c      0x4a4 Drivers/STM32H7xx_HAL_Driver/Src/stm32h7xx_hal_dma.o
                0x000000000800278c                HAL_DMA_Init
 .text.HAL_DMA_Start_IT
                0x0000000008002c30      0x3b8 Drivers/STM32H7xx_HAL_Driver/Src/stm32h7xx_hal_dma.o
                0x0000000008002c30                HAL_DMA_Start_IT
 .text.HAL_DMA_IRQHandler
                0x0000000008002fe8      0xe54 Drivers/STM32H7xx_HAL_Driver/Src/stm32h7xx_hal_dma.o
                0x0000000008002fe8                HAL_DMA_IRQHandler
 .text.DMA_SetConfig
                0x0000000008003e3c      0x23c Drivers/STM32H7xx_HAL_Driver/Src/stm32h7xx_hal_dma.o
 .text.DMA_CalcBaseAndBitshift
                0x0000000008004078      0x164 Drivers/STM32H7xx_HAL_Driver/Src/stm32h7xx_hal_dma.o
 .text.DMA_CheckFifoParam
                0x00000000080041dc       0xf8 Drivers/STM32H7xx_HAL_Driver/Src/stm32h7xx_hal_dma.o
 .text.DMA_CalcDMAMUXChannelBaseAndMask
                0x00000000080042d4      0x134 Drivers/STM32H7xx_HAL_Driver/Src/stm32h7xx_hal_dma.o
 .text.DMA_CalcDMAMUXRequestGenBaseAndMask
                0x0000000008004408       0xe8 Drivers/STM32H7xx_HAL_Driver/Src/stm32h7xx_hal_dma.o
 .text.HAL_GPIO_Init
                0x00000000080044f0      0x360 Drivers/STM32H7xx_HAL_Driver/Src/stm32h7xx_hal_gpio.o
                0x00000000080044f0                HAL_GPIO_Init
 .text.HAL_GPIO_WritePin
                0x0000000008004850       0x32 Drivers/STM32H7xx_HAL_Driver/Src/stm32h7xx_hal_gpio.o
                0x0000000008004850                HAL_GPIO_WritePin
 .text.HAL_GPIO_TogglePin
                0x0000000008004882       0x36 Drivers/STM32H7xx_HAL_Driver/Src/stm32h7xx_hal_gpio.o
                0x0000000008004882                HAL_GPIO_TogglePin
 .text.HAL_HSEM_FastTake
                0x00000000080048b8       0x34 Drivers/STM32H7xx_HAL_Driver/Src/stm32h7xx_hal_hsem.o
                0x00000000080048b8                HAL_HSEM_FastTake
 .text.HAL_HSEM_Release
                0x00000000080048ec       0x28 Drivers/STM32H7xx_HAL_Driver/Src/stm32h7xx_hal_hsem.o
                0x00000000080048ec                HAL_HSEM_Release
 .text.HAL_PWREx_ConfigSupply
                0x0000000008004914       0xb0 Drivers/STM32H7xx_HAL_Driver/Src/stm32h7xx_hal_pwr_ex.o
                0x0000000008004914                HAL_PWREx_ConfigSupply
 .text.HAL_RCC_OscConfig
                0x00000000080049c4      0x770 Drivers/STM32H7xx_HAL_Driver/Src/stm32h7xx_hal_rcc.o
                0x00000000080049c4                HAL_RCC_OscConfig
 .text.HAL_RCC_ClockConfig
                0x0000000008005134      0x348 Drivers/STM32H7xx_HAL_Driver/Src/stm32h7xx_hal_rcc.o
                0x0000000008005134                HAL_RCC_ClockConfig
 .text.HAL_RCC_GetSysClockFreq
                0x000000000800547c      0x2e4 Drivers/STM32H7xx_HAL_Driver/Src/stm32h7xx_hal_rcc.o
                0x000000000800547c                HAL_RCC_GetSysClockFreq
 .text.HAL_RCC_GetHCLKFreq
                0x0000000008005760       0x38 Drivers/STM32H7xx_HAL_Driver/Src/stm32h7xx_hal_rcc.o
                0x0000000008005760                HAL_RCC_GetHCLKFreq
 .text.HAL_RCCEx_PeriphCLKConfig
                0x0000000008005798      0xde0 Drivers/STM32H7xx_HAL_Driver/Src/stm32h7xx_hal_rcc_ex.o
                0x0000000008005798                HAL_RCCEx_PeriphCLKConfig
 .text.HAL_RCCEx_GetPeriphCLKFreq
                0x0000000008006578      0x46c Drivers/STM32H7xx_HAL_Driver/Src/stm32h7xx_hal_rcc_ex.o
                0x0000000008006578                HAL_RCCEx_GetPeriphCLKFreq
 .text.HAL_RCCEx_GetPLL2ClockFreq
                0x00000000080069e4      0x298 Drivers/STM32H7xx_HAL_Driver/Src/stm32h7xx_hal_rcc_ex.o
                0x00000000080069e4                HAL_RCCEx_GetPLL2ClockFreq
 .text.HAL_RCCEx_GetPLL3ClockFreq
                0x0000000008006c7c      0x298 Drivers/STM32H7xx_HAL_Driver/Src/stm32h7xx_hal_rcc_ex.o
                0x0000000008006c7c                HAL_RCCEx_GetPLL3ClockFreq
 .text.HAL_RCCEx_GetPLL1ClockFreq
                0x0000000008006f14      0x298 Drivers/STM32H7xx_HAL_Driver/Src/stm32h7xx_hal_rcc_ex.o
                0x0000000008006f14                HAL_RCCEx_GetPLL1ClockFreq
 .text.HAL_RCCEx_GetD1SysClockFreq
                0x00000000080071ac       0x38 Drivers/STM32H7xx_HAL_Driver/Src/stm32h7xx_hal_rcc_ex.o
                0x00000000080071ac                HAL_RCCEx_GetD1SysClockFreq
 .text.RCCEx_PLL2_Config
                0x00000000080071e4      0x164 Drivers/STM32H7xx_HAL_Driver/Src/stm32h7xx_hal_rcc_ex.o
 .text.RCCEx_PLL3_Config
                0x0000000008007348      0x164 Drivers/STM32H7xx_HAL_Driver/Src/stm32h7xx_hal_rcc_ex.o
 .text.HAL_TIM_Base_Init
                0x00000000080074ac       0x56 Drivers/STM32H7xx_HAL_Driver/Src/stm32h7xx_hal_tim.o
                0x00000000080074ac                HAL_TIM_Base_Init
 .text.HAL_TIM_PWM_Init
                0x0000000008007502       0x56 Drivers/STM32H7xx_HAL_Driver/Src/stm32h7xx_hal_tim.o
                0x0000000008007502                HAL_TIM_PWM_Init
 .text.HAL_TIM_PWM_MspInit
                0x0000000008007558       0x14 Drivers/STM32H7xx_HAL_Driver/Src/stm32h7xx_hal_tim.o
                0x0000000008007558                HAL_TIM_PWM_MspInit
 .text.HAL_TIM_PWM_Start
                0x000000000800756c       0xb0 Drivers/STM32H7xx_HAL_Driver/Src/stm32h7xx_hal_tim.o
                0x000000000800756c                HAL_TIM_PWM_Start
 .text.HAL_TIM_PWM_ConfigChannel
                0x000000000800761c      0x230 Drivers/STM32H7xx_HAL_Driver/Src/stm32h7xx_hal_tim.o
                0x000000000800761c                HAL_TIM_PWM_ConfigChannel
 .text.HAL_TIM_ConfigClockSource
                0x000000000800784c      0x1a0 Drivers/STM32H7xx_HAL_Driver/Src/stm32h7xx_hal_tim.o
                0x000000000800784c                HAL_TIM_ConfigClockSource
 .text.TIM_Base_SetConfig
                0x00000000080079ec      0x134 Drivers/STM32H7xx_HAL_Driver/Src/stm32h7xx_hal_tim.o
                0x00000000080079ec                TIM_Base_SetConfig
 .text.TIM_OC1_SetConfig
                0x0000000008007b20      0x120 Drivers/STM32H7xx_HAL_Driver/Src/stm32h7xx_hal_tim.o
 .text.TIM_OC2_SetConfig
                0x0000000008007c40      0x114 Drivers/STM32H7xx_HAL_Driver/Src/stm32h7xx_hal_tim.o
                0x0000000008007c40                TIM_OC2_SetConfig
 .text.TIM_OC3_SetConfig
                0x0000000008007d54      0x10c Drivers/STM32H7xx_HAL_Driver/Src/stm32h7xx_hal_tim.o
 .text.TIM_OC4_SetConfig
                0x0000000008007e60       0xd0 Drivers/STM32H7xx_HAL_Driver/Src/stm32h7xx_hal_tim.o
 .text.TIM_OC5_SetConfig
                0x0000000008007f30       0xc4 Drivers/STM32H7xx_HAL_Driver/Src/stm32h7xx_hal_tim.o
 .text.TIM_OC6_SetConfig
                0x0000000008007ff4       0xc8 Drivers/STM32H7xx_HAL_Driver/Src/stm32h7xx_hal_tim.o
 .text.TIM_TI1_ConfigInputStage
                0x00000000080080bc       0x5e Drivers/STM32H7xx_HAL_Driver/Src/stm32h7xx_hal_tim.o
 .text.TIM_TI2_ConfigInputStage
                0x000000000800811a       0x60 Drivers/STM32H7xx_HAL_Driver/Src/stm32h7xx_hal_tim.o
 *fill*         0x000000000800817a        0x2 
 .text.TIM_ITRx_SetConfig
                0x000000000800817c       0x3c Drivers/STM32H7xx_HAL_Driver/Src/stm32h7xx_hal_tim.o
 .text.TIM_ETR_SetConfig
                0x00000000080081b8       0x40 Drivers/STM32H7xx_HAL_Driver/Src/stm32h7xx_hal_tim.o
                0x00000000080081b8                TIM_ETR_SetConfig
 .text.TIM_CCxChannelCmd
                0x00000000080081f8       0x4a Drivers/STM32H7xx_HAL_Driver/Src/stm32h7xx_hal_tim.o
                0x00000000080081f8                TIM_CCxChannelCmd
 *fill*         0x0000000008008242        0x2 
 .text.HAL_TIMEx_MasterConfigSynchronization
                0x0000000008008244       0xb8 Drivers/STM32H7xx_HAL_Driver/Src/stm32h7xx_hal_tim_ex.o
                0x0000000008008244                HAL_TIMEx_MasterConfigSynchronization
 .text.__libc_init_array
                0x00000000080082fc       0x48 c:/st/stm32cubeide_1.1.0/stm32cubeide/plugins/com.st.stm32cube.ide.mcu.externaltools.gnu-tools-for-stm32.7-2018-q2-update.win32_1.0.0.201904181610/tools/bin/../lib/gcc/arm-none-eabi/7.3.1/../../../../arm-none-eabi/lib/thumb/v7e-m/fpv5/hard\libc_nano.a(lib_a-init.o)
                0x00000000080082fc                __libc_init_array
 .text.memset   0x0000000008008344       0x10 c:/st/stm32cubeide_1.1.0/stm32cubeide/plugins/com.st.stm32cube.ide.mcu.externaltools.gnu-tools-for-stm32.7-2018-q2-update.win32_1.0.0.201904181610/tools/bin/../lib/gcc/arm-none-eabi/7.3.1/../../../../arm-none-eabi/lib/thumb/v7e-m/fpv5/hard\libc_nano.a(lib_a-memset.o)
                0x0000000008008344                memset
 *(.glue_7)
 .glue_7        0x0000000008008354        0x0 linker stubs
 *(.glue_7t)
 .glue_7t       0x0000000008008354        0x0 linker stubs
 *(.eh_frame)
 .eh_frame      0x0000000008008354        0x0 c:/st/stm32cubeide_1.1.0/stm32cubeide/plugins/com.st.stm32cube.ide.mcu.externaltools.gnu-tools-for-stm32.7-2018-q2-update.win32_1.0.0.201904181610/tools/bin/../lib/gcc/arm-none-eabi/7.3.1/thumb/v7e-m/fpv5/hard/crtbegin.o
 *(.init)
 .init          0x0000000008008354        0x4 c:/st/stm32cubeide_1.1.0/stm32cubeide/plugins/com.st.stm32cube.ide.mcu.externaltools.gnu-tools-for-stm32.7-2018-q2-update.win32_1.0.0.201904181610/tools/bin/../lib/gcc/arm-none-eabi/7.3.1/thumb/v7e-m/fpv5/hard/crti.o
                0x0000000008008354                _init
 .init          0x0000000008008358        0x8 c:/st/stm32cubeide_1.1.0/stm32cubeide/plugins/com.st.stm32cube.ide.mcu.externaltools.gnu-tools-for-stm32.7-2018-q2-update.win32_1.0.0.201904181610/tools/bin/../lib/gcc/arm-none-eabi/7.3.1/thumb/v7e-m/fpv5/hard/crtn.o
 *(.fini)
 .fini          0x0000000008008360        0x4 c:/st/stm32cubeide_1.1.0/stm32cubeide/plugins/com.st.stm32cube.ide.mcu.externaltools.gnu-tools-for-stm32.7-2018-q2-update.win32_1.0.0.201904181610/tools/bin/../lib/gcc/arm-none-eabi/7.3.1/thumb/v7e-m/fpv5/hard/crti.o
                0x0000000008008360                _fini
 .fini          0x0000000008008364        0x8 c:/st/stm32cubeide_1.1.0/stm32cubeide/plugins/com.st.stm32cube.ide.mcu.externaltools.gnu-tools-for-stm32.7-2018-q2-update.win32_1.0.0.201904181610/tools/bin/../lib/gcc/arm-none-eabi/7.3.1/thumb/v7e-m/fpv5/hard/crtn.o
                0x000000000800836c                . = ALIGN (0x4)
                0x000000000800836c                _etext = .

.vfp11_veneer   0x000000000800836c        0x0
 .vfp11_veneer  0x000000000800836c        0x0 linker stubs

.v4_bx          0x000000000800836c        0x0
 .v4_bx         0x000000000800836c        0x0 linker stubs

.iplt           0x000000000800836c        0x0
 .iplt          0x000000000800836c        0x0 c:/st/stm32cubeide_1.1.0/stm32cubeide/plugins/com.st.stm32cube.ide.mcu.externaltools.gnu-tools-for-stm32.7-2018-q2-update.win32_1.0.0.201904181610/tools/bin/../lib/gcc/arm-none-eabi/7.3.1/thumb/v7e-m/fpv5/hard/crtbegin.o

.rodata         0x000000000800836c       0x18
                0x000000000800836c                . = ALIGN (0x4)
 *(.rodata)
 *(.rodata*)
 .rodata.D1CorePrescTable
                0x000000000800836c       0x10 Common/Src/system_stm32h7xx_dualcore_boot_cm4_cm7.o
                0x000000000800836c                D1CorePrescTable
 .rodata.flagBitshiftOffset.11526
                0x000000000800837c        0x8 Drivers/STM32H7xx_HAL_Driver/Src/stm32h7xx_hal_dma.o
                0x0000000008008384                . = ALIGN (0x4)

.rel.dyn        0x0000000008008384        0x0
 .rel.iplt      0x0000000008008384        0x0 c:/st/stm32cubeide_1.1.0/stm32cubeide/plugins/com.st.stm32cube.ide.mcu.externaltools.gnu-tools-for-stm32.7-2018-q2-update.win32_1.0.0.201904181610/tools/bin/../lib/gcc/arm-none-eabi/7.3.1/thumb/v7e-m/fpv5/hard/crtbegin.o

.ARM.extab
 *(.ARM.extab* .gnu.linkonce.armextab.*)

.ARM            0x0000000008008384        0x0
                0x0000000008008384                __exidx_start = .
 *(.ARM.exidx*)
                0x0000000008008384                __exidx_end = .

.preinit_array  0x0000000008008384        0x0
                0x0000000008008384                PROVIDE (__preinit_array_start = .)
 *(.preinit_array*)
                0x0000000008008384                PROVIDE (__preinit_array_end = .)

.init_array     0x0000000008008384        0x4
                0x0000000008008384                PROVIDE (__init_array_start = .)
 *(SORT_BY_NAME(.init_array.*))
 *(.init_array*)
 .init_array    0x0000000008008384        0x4 c:/st/stm32cubeide_1.1.0/stm32cubeide/plugins/com.st.stm32cube.ide.mcu.externaltools.gnu-tools-for-stm32.7-2018-q2-update.win32_1.0.0.201904181610/tools/bin/../lib/gcc/arm-none-eabi/7.3.1/thumb/v7e-m/fpv5/hard/crtbegin.o
                0x0000000008008388                PROVIDE (__init_array_end = .)

.fini_array     0x0000000008008388        0x4
                [!provide]                        PROVIDE (__fini_array_start = .)
 *(SORT_BY_NAME(.fini_array.*))
 *(.fini_array*)
 .fini_array    0x0000000008008388        0x4 c:/st/stm32cubeide_1.1.0/stm32cubeide/plugins/com.st.stm32cube.ide.mcu.externaltools.gnu-tools-for-stm32.7-2018-q2-update.win32_1.0.0.201904181610/tools/bin/../lib/gcc/arm-none-eabi/7.3.1/thumb/v7e-m/fpv5/hard/crtbegin.o
                [!provide]                        PROVIDE (__fini_array_end = .)
                0x000000000800838c                _sidata = LOADADDR (.data)

.data           0x0000000024040000       0x1c load address 0x000000000800838c
                0x0000000024040000                . = ALIGN (0x4)
                0x0000000024040000                _sdata = .
 *(.data)
 *(.data*)
 .data.SystemCoreClock
                0x0000000024040000        0x4 Common/Src/system_stm32h7xx_dualcore_boot_cm4_cm7.o
                0x0000000024040000                SystemCoreClock
 .data.SystemD2Clock
                0x0000000024040004        0x4 Common/Src/system_stm32h7xx_dualcore_boot_cm4_cm7.o
                0x0000000024040004                SystemD2Clock
 .data.aADCDualConvertedValues1
                0x0000000024040008        0xa Core/Src/main.o
 *fill*         0x0000000024040012        0x2 
 .data.uwTickPrio
                0x0000000024040014        0x4 Drivers/STM32H7xx_HAL_Driver/Src/stm32h7xx_hal.o
                0x0000000024040014                uwTickPrio
 .data.uwTickFreq
                0x0000000024040018        0x1 Drivers/STM32H7xx_HAL_Driver/Src/stm32h7xx_hal.o
                0x0000000024040018                uwTickFreq
                0x000000002404001c                . = ALIGN (0x4)
 *fill*         0x0000000024040019        0x3 
                0x000000002404001c                _edata = .

.igot.plt       0x000000002404001c        0x0 load address 0x00000000080083a8
 .igot.plt      0x000000002404001c        0x0 c:/st/stm32cubeide_1.1.0/stm32cubeide/plugins/com.st.stm32cube.ide.mcu.externaltools.gnu-tools-for-stm32.7-2018-q2-update.win32_1.0.0.201904181610/tools/bin/../lib/gcc/arm-none-eabi/7.3.1/thumb/v7e-m/fpv5/hard/crtbegin.o
                0x000000002404001c                . = ALIGN (0x4)

.bss            0x000000002404001c      0x13c load address 0x00000000080083a8
                0x000000002404001c                _sbss = .
                0x000000002404001c                __bss_start__ = _sbss
 *(.bss)
 .bss           0x000000002404001c       0x1c c:/st/stm32cubeide_1.1.0/stm32cubeide/plugins/com.st.stm32cube.ide.mcu.externaltools.gnu-tools-for-stm32.7-2018-q2-update.win32_1.0.0.201904181610/tools/bin/../lib/gcc/arm-none-eabi/7.3.1/thumb/v7e-m/fpv5/hard/crtbegin.o
 *(.bss*)
 *(COMMON)
 COMMON         0x0000000024040038       0xdc Core/Src/adc.o
                0x0000000024040038                hadc1
                0x000000002404009c                hdma_adc1
 COMMON         0x0000000024040114       0x40 Core/Src/tim.o
                0x0000000024040114                htim3
 COMMON         0x0000000024040154        0x4 Drivers/STM32H7xx_HAL_Driver/Src/stm32h7xx_hal.o
                0x0000000024040154                uwTick
                0x0000000024040158                . = ALIGN (0x4)
                0x0000000024040158                _ebss = .
                0x0000000024040158                __bss_end__ = _ebss

._user_heap_stack
                0x0000000024040158      0x600 load address 0x00000000080083a8
                0x0000000024040158                . = ALIGN (0x8)
                0x0000000024040158                PROVIDE (end = .)
                [!provide]                        PROVIDE (_end = .)
                0x0000000024040358                . = (. + _Min_Heap_Size)
 *fill*         0x0000000024040158      0x200 
                0x0000000024040758                . = (. + _Min_Stack_Size)
 *fill*         0x0000000024040358      0x400 
                0x0000000024040758                . = ALIGN (0x8)

/DISCARD/
 libc.a(*)
 libm.a(*)
 libgcc.a(*)

.ARM.attributes
                0x0000000000000000       0x2e
 *(.ARM.attributes)
 .ARM.attributes
                0x0000000000000000       0x20 c:/st/stm32cubeide_1.1.0/stm32cubeide/plugins/com.st.stm32cube.ide.mcu.externaltools.gnu-tools-for-stm32.7-2018-q2-update.win32_1.0.0.201904181610/tools/bin/../lib/gcc/arm-none-eabi/7.3.1/thumb/v7e-m/fpv5/hard/crti.o
 .ARM.attributes
                0x0000000000000020       0x32 c:/st/stm32cubeide_1.1.0/stm32cubeide/plugins/com.st.stm32cube.ide.mcu.externaltools.gnu-tools-for-stm32.7-2018-q2-update.win32_1.0.0.201904181610/tools/bin/../lib/gcc/arm-none-eabi/7.3.1/thumb/v7e-m/fpv5/hard/crtbegin.o
 .ARM.attributes
                0x0000000000000052       0x37 Common/Src/system_stm32h7xx_dualcore_boot_cm4_cm7.o
 .ARM.attributes
                0x0000000000000089       0x37 Core/Src/adc.o
 .ARM.attributes
                0x00000000000000c0       0x37 Core/Src/dma.o
 .ARM.attributes
                0x00000000000000f7       0x37 Core/Src/gpio.o
 .ARM.attributes
                0x000000000000012e       0x37 Core/Src/main.o
 .ARM.attributes
                0x0000000000000165       0x37 Core/Src/stm32h7xx_hal_msp.o
 .ARM.attributes
                0x000000000000019c       0x37 Core/Src/stm32h7xx_it.o
 .ARM.attributes
                0x00000000000001d3       0x37 Core/Src/tim.o
 .ARM.attributes
                0x000000000000020a       0x21 Core/Startup/startup_stm32h755zitx.o
 .ARM.attributes
                0x000000000000022b       0x37 Drivers/STM32H7xx_HAL_Driver/Src/stm32h7xx_hal.o
 .ARM.attributes
                0x0000000000000262       0x37 Drivers/STM32H7xx_HAL_Driver/Src/stm32h7xx_hal_adc.o
 .ARM.attributes
                0x0000000000000299       0x37 Drivers/STM32H7xx_HAL_Driver/Src/stm32h7xx_hal_adc_ex.o
 .ARM.attributes
                0x00000000000002d0       0x37 Drivers/STM32H7xx_HAL_Driver/Src/stm32h7xx_hal_cortex.o
 .ARM.attributes
                0x0000000000000307       0x37 Drivers/STM32H7xx_HAL_Driver/Src/stm32h7xx_hal_dma.o
 .ARM.attributes
                0x000000000000033e       0x37 Drivers/STM32H7xx_HAL_Driver/Src/stm32h7xx_hal_gpio.o
 .ARM.attributes
                0x0000000000000375       0x37 Drivers/STM32H7xx_HAL_Driver/Src/stm32h7xx_hal_hsem.o
 .ARM.attributes
                0x00000000000003ac       0x37 Drivers/STM32H7xx_HAL_Driver/Src/stm32h7xx_hal_pwr_ex.o
 .ARM.attributes
                0x00000000000003e3       0x37 Drivers/STM32H7xx_HAL_Driver/Src/stm32h7xx_hal_rcc.o
 .ARM.attributes
                0x000000000000041a       0x37 Drivers/STM32H7xx_HAL_Driver/Src/stm32h7xx_hal_rcc_ex.o
 .ARM.attributes
                0x0000000000000451       0x37 Drivers/STM32H7xx_HAL_Driver/Src/stm32h7xx_hal_tim.o
 .ARM.attributes
                0x0000000000000488       0x37 Drivers/STM32H7xx_HAL_Driver/Src/stm32h7xx_hal_tim_ex.o
 .ARM.attributes
                0x00000000000004bf       0x32 c:/st/stm32cubeide_1.1.0/stm32cubeide/plugins/com.st.stm32cube.ide.mcu.externaltools.gnu-tools-for-stm32.7-2018-q2-update.win32_1.0.0.201904181610/tools/bin/../lib/gcc/arm-none-eabi/7.3.1/../../../../arm-none-eabi/lib/thumb/v7e-m/fpv5/hard\libc_nano.a(lib_a-init.o)
 .ARM.attributes
                0x00000000000004f1       0x32 c:/st/stm32cubeide_1.1.0/stm32cubeide/plugins/com.st.stm32cube.ide.mcu.externaltools.gnu-tools-for-stm32.7-2018-q2-update.win32_1.0.0.201904181610/tools/bin/../lib/gcc/arm-none-eabi/7.3.1/../../../../arm-none-eabi/lib/thumb/v7e-m/fpv5/hard\libc_nano.a(lib_a-memset.o)
 .ARM.attributes
                0x0000000000000523       0x20 c:/st/stm32cubeide_1.1.0/stm32cubeide/plugins/com.st.stm32cube.ide.mcu.externaltools.gnu-tools-for-stm32.7-2018-q2-update.win32_1.0.0.201904181610/tools/bin/../lib/gcc/arm-none-eabi/7.3.1/thumb/v7e-m/fpv5/hard/crtn.o
OUTPUT(stm32h755_adc_dma_test_CM7.elf elf32-littlearm)

.debug_info     0x0000000000000000    0x1f90d
 .debug_info    0x0000000000000000     0x13d9 Common/Src/system_stm32h7xx_dualcore_boot_cm4_cm7.o
 .debug_info    0x00000000000013d9     0x1844 Core/Src/adc.o
 .debug_info    0x0000000000002c1d     0x11fd Core/Src/dma.o
 .debug_info    0x0000000000003e1a      0xfb9 Core/Src/gpio.o
 .debug_info    0x0000000000004dd3     0x208d Core/Src/main.o
 .debug_info    0x0000000000006e60      0xe53 Core/Src/stm32h7xx_hal_msp.o
 .debug_info    0x0000000000007cb3      0xe0f Core/Src/stm32h7xx_it.o
 .debug_info    0x0000000000008ac2     0x16cd Core/Src/tim.o
 .debug_info    0x000000000000a18f       0x22 Core/Startup/startup_stm32h755zitx.o
 .debug_info    0x000000000000a1b1     0x2015 Drivers/STM32H7xx_HAL_Driver/Src/stm32h7xx_hal.o
 .debug_info    0x000000000000c1c6     0x2588 Drivers/STM32H7xx_HAL_Driver/Src/stm32h7xx_hal_adc.o
 .debug_info    0x000000000000e74e     0x26a0 Drivers/STM32H7xx_HAL_Driver/Src/stm32h7xx_hal_adc_ex.o
 .debug_info    0x0000000000010dee     0x1a98 Drivers/STM32H7xx_HAL_Driver/Src/stm32h7xx_hal_cortex.o
 .debug_info    0x0000000000012886     0x14f6 Drivers/STM32H7xx_HAL_Driver/Src/stm32h7xx_hal_dma.o
 .debug_info    0x0000000000013d7c     0x16ec Drivers/STM32H7xx_HAL_Driver/Src/stm32h7xx_hal_gpio.o
 .debug_info    0x0000000000015468      0xdbf Drivers/STM32H7xx_HAL_Driver/Src/stm32h7xx_hal_hsem.o
 .debug_info    0x0000000000016227     0x193c Drivers/STM32H7xx_HAL_Driver/Src/stm32h7xx_hal_pwr_ex.o
 .debug_info    0x0000000000017b63     0x175d Drivers/STM32H7xx_HAL_Driver/Src/stm32h7xx_hal_rcc.o
 .debug_info    0x00000000000192c0     0x18f5 Drivers/STM32H7xx_HAL_Driver/Src/stm32h7xx_hal_rcc_ex.o
 .debug_info    0x000000000001abb5     0x3050 Drivers/STM32H7xx_HAL_Driver/Src/stm32h7xx_hal_tim.o
 .debug_info    0x000000000001dc05     0x1d08 Drivers/STM32H7xx_HAL_Driver/Src/stm32h7xx_hal_tim_ex.o

.debug_abbrev   0x0000000000000000     0x3354
 .debug_abbrev  0x0000000000000000      0x21f Common/Src/system_stm32h7xx_dualcore_boot_cm4_cm7.o
 .debug_abbrev  0x000000000000021f      0x244 Core/Src/adc.o
 .debug_abbrev  0x0000000000000463      0x1e5 Core/Src/dma.o
 .debug_abbrev  0x0000000000000648      0x1fd Core/Src/gpio.o
 .debug_abbrev  0x0000000000000845      0x25e Core/Src/main.o
 .debug_abbrev  0x0000000000000aa3      0x1e5 Core/Src/stm32h7xx_hal_msp.o
 .debug_abbrev  0x0000000000000c88      0x1d6 Core/Src/stm32h7xx_it.o
 .debug_abbrev  0x0000000000000e5e      0x253 Core/Src/tim.o
 .debug_abbrev  0x00000000000010b1       0x12 Core/Startup/startup_stm32h755zitx.o
 .debug_abbrev  0x00000000000010c3      0x2db Drivers/STM32H7xx_HAL_Driver/Src/stm32h7xx_hal.o
 .debug_abbrev  0x000000000000139e      0x2c8 Drivers/STM32H7xx_HAL_Driver/Src/stm32h7xx_hal_adc.o
 .debug_abbrev  0x0000000000001666      0x306 Drivers/STM32H7xx_HAL_Driver/Src/stm32h7xx_hal_adc_ex.o
 .debug_abbrev  0x000000000000196c      0x3b5 Drivers/STM32H7xx_HAL_Driver/Src/stm32h7xx_hal_cortex.o
 .debug_abbrev  0x0000000000001d21      0x289 Drivers/STM32H7xx_HAL_Driver/Src/stm32h7xx_hal_dma.o
 .debug_abbrev  0x0000000000001faa      0x28f Drivers/STM32H7xx_HAL_Driver/Src/stm32h7xx_hal_gpio.o
 .debug_abbrev  0x0000000000002239      0x2ba Drivers/STM32H7xx_HAL_Driver/Src/stm32h7xx_hal_hsem.o
 .debug_abbrev  0x00000000000024f3      0x354 Drivers/STM32H7xx_HAL_Driver/Src/stm32h7xx_hal_pwr_ex.o
 .debug_abbrev  0x0000000000002847      0x2e2 Drivers/STM32H7xx_HAL_Driver/Src/stm32h7xx_hal_rcc.o
 .debug_abbrev  0x0000000000002b29      0x2c3 Drivers/STM32H7xx_HAL_Driver/Src/stm32h7xx_hal_rcc_ex.o
 .debug_abbrev  0x0000000000002dec      0x2bd Drivers/STM32H7xx_HAL_Driver/Src/stm32h7xx_hal_tim.o
 .debug_abbrev  0x00000000000030a9      0x2ab Drivers/STM32H7xx_HAL_Driver/Src/stm32h7xx_hal_tim_ex.o

.debug_aranges  0x0000000000000000     0x1270
 .debug_aranges
                0x0000000000000000       0x28 Common/Src/system_stm32h7xx_dualcore_boot_cm4_cm7.o
 .debug_aranges
                0x0000000000000028       0x30 Core/Src/adc.o
 .debug_aranges
                0x0000000000000058       0x20 Core/Src/dma.o
 .debug_aranges
                0x0000000000000078       0x20 Core/Src/gpio.o
 .debug_aranges
                0x0000000000000098       0x38 Core/Src/main.o
 .debug_aranges
                0x00000000000000d0       0x20 Core/Src/stm32h7xx_hal_msp.o
 .debug_aranges
                0x00000000000000f0       0x68 Core/Src/stm32h7xx_it.o
 .debug_aranges
                0x0000000000000158       0x38 Core/Src/tim.o
 .debug_aranges
                0x0000000000000190       0x28 Core/Startup/startup_stm32h755zitx.o
 .debug_aranges
                0x00000000000001b8      0x220 Drivers/STM32H7xx_HAL_Driver/Src/stm32h7xx_hal.o
 .debug_aranges
                0x00000000000003d8      0x220 Drivers/STM32H7xx_HAL_Driver/Src/stm32h7xx_hal_adc.o
 .debug_aranges
                0x00000000000005f8      0x1d8 Drivers/STM32H7xx_HAL_Driver/Src/stm32h7xx_hal_adc_ex.o
 .debug_aranges
                0x00000000000007d0      0x120 Drivers/STM32H7xx_HAL_Driver/Src/stm32h7xx_hal_cortex.o
 .debug_aranges
                0x00000000000008f0       0xa0 Drivers/STM32H7xx_HAL_Driver/Src/stm32h7xx_hal_dma.o
 .debug_aranges
                0x0000000000000990       0x58 Drivers/STM32H7xx_HAL_Driver/Src/stm32h7xx_hal_gpio.o
 .debug_aranges
                0x00000000000009e8       0x70 Drivers/STM32H7xx_HAL_Driver/Src/stm32h7xx_hal_hsem.o
 .debug_aranges
                0x0000000000000a58      0x170 Drivers/STM32H7xx_HAL_Driver/Src/stm32h7xx_hal_pwr_ex.o
 .debug_aranges
                0x0000000000000bc8       0x88 Drivers/STM32H7xx_HAL_Driver/Src/stm32h7xx_hal_rcc.o
 .debug_aranges
                0x0000000000000c50       0xe8 Drivers/STM32H7xx_HAL_Driver/Src/stm32h7xx_hal_rcc_ex.o
 .debug_aranges
                0x0000000000000d38      0x3c8 Drivers/STM32H7xx_HAL_Driver/Src/stm32h7xx_hal_tim.o
 .debug_aranges
                0x0000000000001100      0x170 Drivers/STM32H7xx_HAL_Driver/Src/stm32h7xx_hal_tim_ex.o

.debug_ranges   0x0000000000000000     0x1128
 .debug_ranges  0x0000000000000000       0x18 Common/Src/system_stm32h7xx_dualcore_boot_cm4_cm7.o
 .debug_ranges  0x0000000000000018       0x20 Core/Src/adc.o
 .debug_ranges  0x0000000000000038       0x10 Core/Src/dma.o
 .debug_ranges  0x0000000000000048       0x10 Core/Src/gpio.o
 .debug_ranges  0x0000000000000058       0x28 Core/Src/main.o
 .debug_ranges  0x0000000000000080       0x10 Core/Src/stm32h7xx_hal_msp.o
 .debug_ranges  0x0000000000000090       0x58 Core/Src/stm32h7xx_it.o
 .debug_ranges  0x00000000000000e8       0x28 Core/Src/tim.o
 .debug_ranges  0x0000000000000110       0x20 Core/Startup/startup_stm32h755zitx.o
 .debug_ranges  0x0000000000000130      0x210 Drivers/STM32H7xx_HAL_Driver/Src/stm32h7xx_hal.o
 .debug_ranges  0x0000000000000340      0x210 Drivers/STM32H7xx_HAL_Driver/Src/stm32h7xx_hal_adc.o
 .debug_ranges  0x0000000000000550      0x1c8 Drivers/STM32H7xx_HAL_Driver/Src/stm32h7xx_hal_adc_ex.o
 .debug_ranges  0x0000000000000718      0x110 Drivers/STM32H7xx_HAL_Driver/Src/stm32h7xx_hal_cortex.o
 .debug_ranges  0x0000000000000828       0x90 Drivers/STM32H7xx_HAL_Driver/Src/stm32h7xx_hal_dma.o
 .debug_ranges  0x00000000000008b8       0x48 Drivers/STM32H7xx_HAL_Driver/Src/stm32h7xx_hal_gpio.o
 .debug_ranges  0x0000000000000900       0x60 Drivers/STM32H7xx_HAL_Driver/Src/stm32h7xx_hal_hsem.o
 .debug_ranges  0x0000000000000960      0x160 Drivers/STM32H7xx_HAL_Driver/Src/stm32h7xx_hal_pwr_ex.o
 .debug_ranges  0x0000000000000ac0       0x78 Drivers/STM32H7xx_HAL_Driver/Src/stm32h7xx_hal_rcc.o
 .debug_ranges  0x0000000000000b38       0xd8 Drivers/STM32H7xx_HAL_Driver/Src/stm32h7xx_hal_rcc_ex.o
 .debug_ranges  0x0000000000000c10      0x3b8 Drivers/STM32H7xx_HAL_Driver/Src/stm32h7xx_hal_tim.o
 .debug_ranges  0x0000000000000fc8      0x160 Drivers/STM32H7xx_HAL_Driver/Src/stm32h7xx_hal_tim_ex.o

.debug_macro    0x0000000000000000    0x3b285
 .debug_macro   0x0000000000000000      0x2af Common/Src/system_stm32h7xx_dualcore_boot_cm4_cm7.o
 .debug_macro   0x00000000000002af      0xa6c Common/Src/system_stm32h7xx_dualcore_boot_cm4_cm7.o
 .debug_macro   0x0000000000000d1b       0x2e Common/Src/system_stm32h7xx_dualcore_boot_cm4_cm7.o
 .debug_macro   0x0000000000000d49       0x49 Common/Src/system_stm32h7xx_dualcore_boot_cm4_cm7.o
 .debug_macro   0x0000000000000d92       0x22 Common/Src/system_stm32h7xx_dualcore_boot_cm4_cm7.o
 .debug_macro   0x0000000000000db4       0x8e Common/Src/system_stm32h7xx_dualcore_boot_cm4_cm7.o
 .debug_macro   0x0000000000000e42       0x51 Common/Src/system_stm32h7xx_dualcore_boot_cm4_cm7.o
 .debug_macro   0x0000000000000e93       0xef Common/Src/system_stm32h7xx_dualcore_boot_cm4_cm7.o
 .debug_macro   0x0000000000000f82       0x6a Common/Src/system_stm32h7xx_dualcore_boot_cm4_cm7.o
 .debug_macro   0x0000000000000fec      0x1df Common/Src/system_stm32h7xx_dualcore_boot_cm4_cm7.o
 .debug_macro   0x00000000000011cb       0x1c Common/Src/system_stm32h7xx_dualcore_boot_cm4_cm7.o
 .debug_macro   0x00000000000011e7       0x22 Common/Src/system_stm32h7xx_dualcore_boot_cm4_cm7.o
 .debug_macro   0x0000000000001209       0xdf Common/Src/system_stm32h7xx_dualcore_boot_cm4_cm7.o
 .debug_macro   0x00000000000012e8     0x12cd Common/Src/system_stm32h7xx_dualcore_boot_cm4_cm7.o
 .debug_macro   0x00000000000025b5      0x11f Common/Src/system_stm32h7xx_dualcore_boot_cm4_cm7.o
 .debug_macro   0x00000000000026d4       0x19 Common/Src/system_stm32h7xx_dualcore_boot_cm4_cm7.o
 .debug_macro   0x00000000000026ed    0x26b31 Common/Src/system_stm32h7xx_dualcore_boot_cm4_cm7.o
 .debug_macro   0x000000000002921e       0x43 Common/Src/system_stm32h7xx_dualcore_boot_cm4_cm7.o
 .debug_macro   0x0000000000029261      0x1d5 Common/Src/system_stm32h7xx_dualcore_boot_cm4_cm7.o
 .debug_macro   0x0000000000029436     0x3bd7 Common/Src/system_stm32h7xx_dualcore_boot_cm4_cm7.o
 .debug_macro   0x000000000002d00d      0x174 Common/Src/system_stm32h7xx_dualcore_boot_cm4_cm7.o
 .debug_macro   0x000000000002d181       0x46 Common/Src/system_stm32h7xx_dualcore_boot_cm4_cm7.o
 .debug_macro   0x000000000002d1c7       0x17 Common/Src/system_stm32h7xx_dualcore_boot_cm4_cm7.o
 .debug_macro   0x000000000002d1de       0x3c Common/Src/system_stm32h7xx_dualcore_boot_cm4_cm7.o
 .debug_macro   0x000000000002d21a       0x34 Common/Src/system_stm32h7xx_dualcore_boot_cm4_cm7.o
 .debug_macro   0x000000000002d24e       0x52 Common/Src/system_stm32h7xx_dualcore_boot_cm4_cm7.o
 .debug_macro   0x000000000002d2a0       0x1f Common/Src/system_stm32h7xx_dualcore_boot_cm4_cm7.o
 .debug_macro   0x000000000002d2bf       0x43 Common/Src/system_stm32h7xx_dualcore_boot_cm4_cm7.o
 .debug_macro   0x000000000002d302       0x20 Common/Src/system_stm32h7xx_dualcore_boot_cm4_cm7.o
 .debug_macro   0x000000000002d322      0x1a3 Common/Src/system_stm32h7xx_dualcore_boot_cm4_cm7.o
 .debug_macro   0x000000000002d4c5      0x32a Common/Src/system_stm32h7xx_dualcore_boot_cm4_cm7.o
 .debug_macro   0x000000000002d7ef      0x1e1 Common/Src/system_stm32h7xx_dualcore_boot_cm4_cm7.o
 .debug_macro   0x000000000002d9d0       0x54 Common/Src/system_stm32h7xx_dualcore_boot_cm4_cm7.o
 .debug_macro   0x000000000002da24     0x3b6f Common/Src/system_stm32h7xx_dualcore_boot_cm4_cm7.o
 .debug_macro   0x0000000000031593      0xf5a Common/Src/system_stm32h7xx_dualcore_boot_cm4_cm7.o
 .debug_macro   0x00000000000324ed      0x146 Common/Src/system_stm32h7xx_dualcore_boot_cm4_cm7.o
 .debug_macro   0x0000000000032633      0x133 Common/Src/system_stm32h7xx_dualcore_boot_cm4_cm7.o
 .debug_macro   0x0000000000032766      0x36e Common/Src/system_stm32h7xx_dualcore_boot_cm4_cm7.o
 .debug_macro   0x0000000000032ad4       0x27 Common/Src/system_stm32h7xx_dualcore_boot_cm4_cm7.o
 .debug_macro   0x0000000000032afb      0x72d Common/Src/system_stm32h7xx_dualcore_boot_cm4_cm7.o
 .debug_macro   0x0000000000033228      0x229 Common/Src/system_stm32h7xx_dualcore_boot_cm4_cm7.o
 .debug_macro   0x0000000000033451       0x66 Common/Src/system_stm32h7xx_dualcore_boot_cm4_cm7.o
 .debug_macro   0x00000000000334b7      0x39f Common/Src/system_stm32h7xx_dualcore_boot_cm4_cm7.o
 .debug_macro   0x0000000000033856      0x408 Common/Src/system_stm32h7xx_dualcore_boot_cm4_cm7.o
 .debug_macro   0x0000000000033c5e      0x27c Common/Src/system_stm32h7xx_dualcore_boot_cm4_cm7.o
 .debug_macro   0x0000000000033eda     0x101a Common/Src/system_stm32h7xx_dualcore_boot_cm4_cm7.o
 .debug_macro   0x0000000000034ef4      0x6b7 Common/Src/system_stm32h7xx_dualcore_boot_cm4_cm7.o
 .debug_macro   0x00000000000355ab      0x36e Common/Src/system_stm32h7xx_dualcore_boot_cm4_cm7.o
 .debug_macro   0x0000000000035919      0x3c6 Common/Src/system_stm32h7xx_dualcore_boot_cm4_cm7.o
 .debug_macro   0x0000000000035cdf      0x4a9 Common/Src/system_stm32h7xx_dualcore_boot_cm4_cm7.o
 .debug_macro   0x0000000000036188       0x51 Common/Src/system_stm32h7xx_dualcore_boot_cm4_cm7.o
 .debug_macro   0x00000000000361d9       0x4a Common/Src/system_stm32h7xx_dualcore_boot_cm4_cm7.o
 .debug_macro   0x0000000000036223      0x22c Common/Src/system_stm32h7xx_dualcore_boot_cm4_cm7.o
 .debug_macro   0x000000000003644f       0x58 Common/Src/system_stm32h7xx_dualcore_boot_cm4_cm7.o
 .debug_macro   0x00000000000364a7       0xa5 Common/Src/system_stm32h7xx_dualcore_boot_cm4_cm7.o
 .debug_macro   0x000000000003654c      0x1b9 Common/Src/system_stm32h7xx_dualcore_boot_cm4_cm7.o
 .debug_macro   0x0000000000036705      0x2cb Common/Src/system_stm32h7xx_dualcore_boot_cm4_cm7.o
 .debug_macro   0x00000000000369d0       0x35 Common/Src/system_stm32h7xx_dualcore_boot_cm4_cm7.o
 .debug_macro   0x0000000000036a05      0xa4b Common/Src/system_stm32h7xx_dualcore_boot_cm4_cm7.o
 .debug_macro   0x0000000000037450      0x216 Common/Src/system_stm32h7xx_dualcore_boot_cm4_cm7.o
 .debug_macro   0x0000000000037666      0x774 Common/Src/system_stm32h7xx_dualcore_boot_cm4_cm7.o
 .debug_macro   0x0000000000037dda      0x2bd Core/Src/adc.o
 .debug_macro   0x0000000000038097      0x2bd Core/Src/dma.o
 .debug_macro   0x0000000000038354      0x2bd Core/Src/gpio.o
 .debug_macro   0x0000000000038611      0x2e5 Core/Src/main.o
 .debug_macro   0x00000000000388f6      0x2b3 Core/Src/stm32h7xx_hal_msp.o
 .debug_macro   0x0000000000038ba9      0x2bd Core/Src/stm32h7xx_it.o
 .debug_macro   0x0000000000038e66      0x2bd Core/Src/tim.o
 .debug_macro   0x0000000000039123      0x2d3 Drivers/STM32H7xx_HAL_Driver/Src/stm32h7xx_hal.o
 .debug_macro   0x00000000000393f6      0x2cd Drivers/STM32H7xx_HAL_Driver/Src/stm32h7xx_hal_adc.o
 .debug_macro   0x00000000000396c3      0x2b5 Drivers/STM32H7xx_HAL_Driver/Src/stm32h7xx_hal_adc_ex.o
 .debug_macro   0x0000000000039978      0x2a9 Drivers/STM32H7xx_HAL_Driver/Src/stm32h7xx_hal_cortex.o
 .debug_macro   0x0000000000039c21      0x2f6 Drivers/STM32H7xx_HAL_Driver/Src/stm32h7xx_hal_dma.o
 .debug_macro   0x0000000000039f17      0x2f3 Drivers/STM32H7xx_HAL_Driver/Src/stm32h7xx_hal_gpio.o
 .debug_macro   0x000000000003a20a      0x2bb Drivers/STM32H7xx_HAL_Driver/Src/stm32h7xx_hal_hsem.o
 .debug_macro   0x000000000003a4c5      0x2d9 Drivers/STM32H7xx_HAL_Driver/Src/stm32h7xx_hal_pwr_ex.o
 .debug_macro   0x000000000003a79e      0x2cd Drivers/STM32H7xx_HAL_Driver/Src/stm32h7xx_hal_rcc.o
 .debug_macro   0x000000000003aa6b      0x2c7 Drivers/STM32H7xx_HAL_Driver/Src/stm32h7xx_hal_rcc_ex.o
 .debug_macro   0x000000000003ad32      0x2aa Drivers/STM32H7xx_HAL_Driver/Src/stm32h7xx_hal_tim.o
 .debug_macro   0x000000000003afdc      0x2a9 Drivers/STM32H7xx_HAL_Driver/Src/stm32h7xx_hal_tim_ex.o

.debug_line     0x0000000000000000    0x10f38
 .debug_line    0x0000000000000000      0x8ea Common/Src/system_stm32h7xx_dualcore_boot_cm4_cm7.o
 .debug_line    0x00000000000008ea      0x8d1 Core/Src/adc.o
 .debug_line    0x00000000000011bb      0x863 Core/Src/dma.o
 .debug_line    0x0000000000001a1e      0x86c Core/Src/gpio.o
 .debug_line    0x000000000000228a      0x925 Core/Src/main.o
 .debug_line    0x0000000000002baf      0x867 Core/Src/stm32h7xx_hal_msp.o
 .debug_line    0x0000000000003416      0x91e Core/Src/stm32h7xx_it.o
 .debug_line    0x0000000000003d34      0x8bb Core/Src/tim.o
 .debug_line    0x00000000000045ef       0x85 Core/Startup/startup_stm32h755zitx.o
 .debug_line    0x0000000000004674      0xd8c Drivers/STM32H7xx_HAL_Driver/Src/stm32h7xx_hal.o
 .debug_line    0x0000000000005400     0x1858 Drivers/STM32H7xx_HAL_Driver/Src/stm32h7xx_hal_adc.o
 .debug_line    0x0000000000006c58     0x15fd Drivers/STM32H7xx_HAL_Driver/Src/stm32h7xx_hal_adc_ex.o
 .debug_line    0x0000000000008255      0xbcd Drivers/STM32H7xx_HAL_Driver/Src/stm32h7xx_hal_cortex.o
 .debug_line    0x0000000000008e22     0x18f5 Drivers/STM32H7xx_HAL_Driver/Src/stm32h7xx_hal_dma.o
 .debug_line    0x000000000000a717      0xa86 Drivers/STM32H7xx_HAL_Driver/Src/stm32h7xx_hal_gpio.o
 .debug_line    0x000000000000b19d      0x974 Drivers/STM32H7xx_HAL_Driver/Src/stm32h7xx_hal_hsem.o
 .debug_line    0x000000000000bb11      0xcc9 Drivers/STM32H7xx_HAL_Driver/Src/stm32h7xx_hal_pwr_ex.o
 .debug_line    0x000000000000c7da      0xc00 Drivers/STM32H7xx_HAL_Driver/Src/stm32h7xx_hal_rcc.o
 .debug_line    0x000000000000d3da      0xe70 Drivers/STM32H7xx_HAL_Driver/Src/stm32h7xx_hal_rcc_ex.o
 .debug_line    0x000000000000e24a     0x1d52 Drivers/STM32H7xx_HAL_Driver/Src/stm32h7xx_hal_tim.o
 .debug_line    0x000000000000ff9c      0xf9c Drivers/STM32H7xx_HAL_Driver/Src/stm32h7xx_hal_tim_ex.o

.debug_str      0x0000000000000000   0x18d0f7
 .debug_str     0x0000000000000000   0x18684d Common/Src/system_stm32h7xx_dualcore_boot_cm4_cm7.o
                                     0x186f8f (size before relaxing)
 .debug_str     0x000000000018684d      0x629 Core/Src/adc.o
                                     0x18746f (size before relaxing)
 .debug_str     0x0000000000186e76      0x825 Core/Src/dma.o
                                     0x1875a5 (size before relaxing)
 .debug_str     0x000000000018769b       0x46 Core/Src/gpio.o
                                     0x186dd7 (size before relaxing)
 .debug_str     0x00000000001876e1      0x795 Core/Src/main.o
                                     0x187b52 (size before relaxing)
 .debug_str     0x0000000000187e76       0x2c Core/Src/stm32h7xx_hal_msp.o
                                     0x186d3c (size before relaxing)
 .debug_str     0x0000000000187ea2       0xd5 Core/Src/stm32h7xx_it.o
                                     0x186e9d (size before relaxing)
 .debug_str     0x0000000000187f77      0x180 Core/Src/tim.o
                                     0x187457 (size before relaxing)
 .debug_str     0x00000000001880f7       0x36 Core/Startup/startup_stm32h755zitx.o
                                         0x6a (size before relaxing)
 .debug_str     0x000000000018812d      0x97e Drivers/STM32H7xx_HAL_Driver/Src/stm32h7xx_hal.o
                                     0x188103 (size before relaxing)
 .debug_str     0x0000000000188aab      0xa44 Drivers/STM32H7xx_HAL_Driver/Src/stm32h7xx_hal_adc.o
                                     0x187cab (size before relaxing)
 .debug_str     0x00000000001894ef      0x8aa Drivers/STM32H7xx_HAL_Driver/Src/stm32h7xx_hal_adc_ex.o
                                     0x187dae (size before relaxing)
 .debug_str     0x0000000000189d99      0x3cd Drivers/STM32H7xx_HAL_Driver/Src/stm32h7xx_hal_cortex.o
                                     0x1879db (size before relaxing)
 .debug_str     0x000000000018a166      0x716 Drivers/STM32H7xx_HAL_Driver/Src/stm32h7xx_hal_dma.o
                                     0x18756d (size before relaxing)
 .debug_str     0x000000000018a87c      0x25b Drivers/STM32H7xx_HAL_Driver/Src/stm32h7xx_hal_gpio.o
                                     0x187198 (size before relaxing)
 .debug_str     0x000000000018aad7      0x230 Drivers/STM32H7xx_HAL_Driver/Src/stm32h7xx_hal_hsem.o
                                     0x186d4e (size before relaxing)
 .debug_str     0x000000000018ad07      0x6d9 Drivers/STM32H7xx_HAL_Driver/Src/stm32h7xx_hal_pwr_ex.o
                                     0x18756c (size before relaxing)
 .debug_str     0x000000000018b3e0      0x3ab Drivers/STM32H7xx_HAL_Driver/Src/stm32h7xx_hal_rcc.o
                                     0x187392 (size before relaxing)
 .debug_str     0x000000000018b78b      0x660 Drivers/STM32H7xx_HAL_Driver/Src/stm32h7xx_hal_rcc_ex.o
                                     0x187777 (size before relaxing)
 .debug_str     0x000000000018bdeb      0xd36 Drivers/STM32H7xx_HAL_Driver/Src/stm32h7xx_hal_tim.o
                                     0x187f25 (size before relaxing)
 .debug_str     0x000000000018cb21      0x5d6 Drivers/STM32H7xx_HAL_Driver/Src/stm32h7xx_hal_tim_ex.o
                                     0x187815 (size before relaxing)

.comment        0x0000000000000000       0x7b
 .comment       0x0000000000000000       0x7b Common/Src/system_stm32h7xx_dualcore_boot_cm4_cm7.o
                                         0x7c (size before relaxing)
 .comment       0x000000000000007b       0x7c Core/Src/adc.o
 .comment       0x000000000000007b       0x7c Core/Src/dma.o
 .comment       0x000000000000007b       0x7c Core/Src/gpio.o
 .comment       0x000000000000007b       0x7c Core/Src/main.o
 .comment       0x000000000000007b       0x7c Core/Src/stm32h7xx_hal_msp.o
 .comment       0x000000000000007b       0x7c Core/Src/stm32h7xx_it.o
 .comment       0x000000000000007b       0x7c Core/Src/tim.o
 .comment       0x000000000000007b       0x7c Drivers/STM32H7xx_HAL_Driver/Src/stm32h7xx_hal.o
 .comment       0x000000000000007b       0x7c Drivers/STM32H7xx_HAL_Driver/Src/stm32h7xx_hal_adc.o
 .comment       0x000000000000007b       0x7c Drivers/STM32H7xx_HAL_Driver/Src/stm32h7xx_hal_adc_ex.o
 .comment       0x000000000000007b       0x7c Drivers/STM32H7xx_HAL_Driver/Src/stm32h7xx_hal_cortex.o
 .comment       0x000000000000007b       0x7c Drivers/STM32H7xx_HAL_Driver/Src/stm32h7xx_hal_dma.o
 .comment       0x000000000000007b       0x7c Drivers/STM32H7xx_HAL_Driver/Src/stm32h7xx_hal_gpio.o
 .comment       0x000000000000007b       0x7c Drivers/STM32H7xx_HAL_Driver/Src/stm32h7xx_hal_hsem.o
 .comment       0x000000000000007b       0x7c Drivers/STM32H7xx_HAL_Driver/Src/stm32h7xx_hal_pwr_ex.o
 .comment       0x000000000000007b       0x7c Drivers/STM32H7xx_HAL_Driver/Src/stm32h7xx_hal_rcc.o
 .comment       0x000000000000007b       0x7c Drivers/STM32H7xx_HAL_Driver/Src/stm32h7xx_hal_rcc_ex.o
 .comment       0x000000000000007b       0x7c Drivers/STM32H7xx_HAL_Driver/Src/stm32h7xx_hal_tim.o
 .comment       0x000000000000007b       0x7c Drivers/STM32H7xx_HAL_Driver/Src/stm32h7xx_hal_tim_ex.o

.debug_frame    0x0000000000000000     0x4d70
 .debug_frame   0x0000000000000000       0x58 Common/Src/system_stm32h7xx_dualcore_boot_cm4_cm7.o
 .debug_frame   0x0000000000000058       0x7c Core/Src/adc.o
 .debug_frame   0x00000000000000d4       0x34 Core/Src/dma.o
 .debug_frame   0x0000000000000108       0x34 Core/Src/gpio.o
 .debug_frame   0x000000000000013c       0x9c Core/Src/main.o
 .debug_frame   0x00000000000001d8       0x38 Core/Src/stm32h7xx_hal_msp.o
 .debug_frame   0x0000000000000210      0x128 Core/Src/stm32h7xx_it.o
 .debug_frame   0x0000000000000338       0xa8 Core/Src/tim.o
 .debug_frame   0x00000000000003e0      0x8c0 Drivers/STM32H7xx_HAL_Driver/Src/stm32h7xx_hal.o
 .debug_frame   0x0000000000000ca0      0xa00 Drivers/STM32H7xx_HAL_Driver/Src/stm32h7xx_hal_adc.o
 .debug_frame   0x00000000000016a0      0x88c Drivers/STM32H7xx_HAL_Driver/Src/stm32h7xx_hal_adc_ex.o
 .debug_frame   0x0000000000001f2c      0x4b8 Drivers/STM32H7xx_HAL_Driver/Src/stm32h7xx_hal_cortex.o
 .debug_frame   0x00000000000023e4      0x2b4 Drivers/STM32H7xx_HAL_Driver/Src/stm32h7xx_hal_dma.o
 .debug_frame   0x0000000000002698      0x14c Drivers/STM32H7xx_HAL_Driver/Src/stm32h7xx_hal_gpio.o
 .debug_frame   0x00000000000027e4      0x1bc Drivers/STM32H7xx_HAL_Driver/Src/stm32h7xx_hal_hsem.o
 .debug_frame   0x00000000000029a0      0x5f4 Drivers/STM32H7xx_HAL_Driver/Src/stm32h7xx_hal_pwr_ex.o
 .debug_frame   0x0000000000002f94      0x1ec Drivers/STM32H7xx_HAL_Driver/Src/stm32h7xx_hal_rcc.o
 .debug_frame   0x0000000000003180      0x3b8 Drivers/STM32H7xx_HAL_Driver/Src/stm32h7xx_hal_rcc_ex.o
 .debug_frame   0x0000000000003538     0x118c Drivers/STM32H7xx_HAL_Driver/Src/stm32h7xx_hal_tim.o
 .debug_frame   0x00000000000046c4      0x660 Drivers/STM32H7xx_HAL_Driver/Src/stm32h7xx_hal_tim_ex.o
 .debug_frame   0x0000000000004d24       0x2c c:/st/stm32cubeide_1.1.0/stm32cubeide/plugins/com.st.stm32cube.ide.mcu.externaltools.gnu-tools-for-stm32.7-2018-q2-update.win32_1.0.0.201904181610/tools/bin/../lib/gcc/arm-none-eabi/7.3.1/../../../../arm-none-eabi/lib/thumb/v7e-m/fpv5/hard\libc_nano.a(lib_a-init.o)
 .debug_frame   0x0000000000004d50       0x20 c:/st/stm32cubeide_1.1.0/stm32cubeide/plugins/com.st.stm32cube.ide.mcu.externaltools.gnu-tools-for-stm32.7-2018-q2-update.win32_1.0.0.201904181610/tools/bin/../lib/gcc/arm-none-eabi/7.3.1/../../../../arm-none-eabi/lib/thumb/v7e-m/fpv5/hard\libc_nano.a(lib_a-memset.o)
